Archive member included to satisfy reference by file (symbol)

c:/program files (x86)/atmel/studio/7.0/toolchain/arm/arm-gnu-toolchain/bin/../lib/gcc/arm-none-eabi/6.3.1/thumb/v6-m\libgcc.a(_udivsi3.o)
                              hpl/core/hpl_core_m0plus_base.o (__aeabi_uidiv)
c:/program files (x86)/atmel/studio/7.0/toolchain/arm/arm-gnu-toolchain/bin/../lib/gcc/arm-none-eabi/6.3.1/thumb/v6-m\libgcc.a(_dvmd_tls.o)
                              c:/program files (x86)/atmel/studio/7.0/toolchain/arm/arm-gnu-toolchain/bin/../lib/gcc/arm-none-eabi/6.3.1/thumb/v6-m\libgcc.a(_udivsi3.o) (__aeabi_idiv0)
c:/program files (x86)/atmel/studio/7.0/toolchain/arm/arm-gnu-toolchain/bin/../lib/gcc/arm-none-eabi/6.3.1/thumb/v6-m\libgcc.a(_aeabi_uldivmod.o)
                              hpl/sercom/hpl_sercom.o (__aeabi_uldivmod)
c:/program files (x86)/atmel/studio/7.0/toolchain/arm/arm-gnu-toolchain/bin/../lib/gcc/arm-none-eabi/6.3.1/thumb/v6-m\libgcc.a(_muldi3.o)
                              hpl/sercom/hpl_sercom.o (__aeabi_lmul)
c:/program files (x86)/atmel/studio/7.0/toolchain/arm/arm-gnu-toolchain/bin/../lib/gcc/arm-none-eabi/6.3.1/thumb/v6-m\libgcc.a(_fixunsdfsi.o)
                              hpl/sercom/hpl_sercom.o (__aeabi_d2uiz)
c:/program files (x86)/atmel/studio/7.0/toolchain/arm/arm-gnu-toolchain/bin/../lib/gcc/arm-none-eabi/6.3.1/thumb/v6-m\libgcc.a(_udivmoddi4.o)
                              c:/program files (x86)/atmel/studio/7.0/toolchain/arm/arm-gnu-toolchain/bin/../lib/gcc/arm-none-eabi/6.3.1/thumb/v6-m\libgcc.a(_aeabi_uldivmod.o) (__udivmoddi4)
c:/program files (x86)/atmel/studio/7.0/toolchain/arm/arm-gnu-toolchain/bin/../lib/gcc/arm-none-eabi/6.3.1/thumb/v6-m\libgcc.a(mulsf3.o)
                              temperature_sensor/mcp980x/mcp980x.o (__aeabi_fmul)
c:/program files (x86)/atmel/studio/7.0/toolchain/arm/arm-gnu-toolchain/bin/../lib/gcc/arm-none-eabi/6.3.1/thumb/v6-m\libgcc.a(subsf3.o)
                              temperature_sensor/mcp980x/mcp980x.o (__aeabi_fsub)
c:/program files (x86)/atmel/studio/7.0/toolchain/arm/arm-gnu-toolchain/bin/../lib/gcc/arm-none-eabi/6.3.1/thumb/v6-m\libgcc.a(fixsfsi.o)
                              temperature_sensor/mcp980x/mcp980x.o (__aeabi_f2iz)
c:/program files (x86)/atmel/studio/7.0/toolchain/arm/arm-gnu-toolchain/bin/../lib/gcc/arm-none-eabi/6.3.1/thumb/v6-m\libgcc.a(floatsisf.o)
                              temperature_sensor/mcp980x/mcp980x.o (__aeabi_i2f)
c:/program files (x86)/atmel/studio/7.0/toolchain/arm/arm-gnu-toolchain/bin/../lib/gcc/arm-none-eabi/6.3.1/thumb/v6-m\libgcc.a(divdf3.o)
                              hpl/sercom/hpl_sercom.o (__aeabi_ddiv)
c:/program files (x86)/atmel/studio/7.0/toolchain/arm/arm-gnu-toolchain/bin/../lib/gcc/arm-none-eabi/6.3.1/thumb/v6-m\libgcc.a(muldf3.o)
                              hpl/sercom/hpl_sercom.o (__aeabi_dmul)
c:/program files (x86)/atmel/studio/7.0/toolchain/arm/arm-gnu-toolchain/bin/../lib/gcc/arm-none-eabi/6.3.1/thumb/v6-m\libgcc.a(subdf3.o)
                              hpl/sercom/hpl_sercom.o (__aeabi_dsub)
c:/program files (x86)/atmel/studio/7.0/toolchain/arm/arm-gnu-toolchain/bin/../lib/gcc/arm-none-eabi/6.3.1/thumb/v6-m\libgcc.a(fixdfsi.o)
                              c:/program files (x86)/atmel/studio/7.0/toolchain/arm/arm-gnu-toolchain/bin/../lib/gcc/arm-none-eabi/6.3.1/thumb/v6-m\libgcc.a(_fixunsdfsi.o) (__aeabi_d2iz)
c:/program files (x86)/atmel/studio/7.0/toolchain/arm/arm-gnu-toolchain/bin/../lib/gcc/arm-none-eabi/6.3.1/thumb/v6-m\libgcc.a(floatsidf.o)
                              hpl/sercom/hpl_sercom.o (__aeabi_i2d)
c:/program files (x86)/atmel/studio/7.0/toolchain/arm/arm-gnu-toolchain/bin/../lib/gcc/arm-none-eabi/6.3.1/thumb/v6-m\libgcc.a(floatunsidf.o)
                              hpl/sercom/hpl_sercom.o (__aeabi_ui2d)
c:/program files (x86)/atmel/studio/7.0/toolchain/arm/arm-gnu-toolchain/bin/../lib/gcc/arm-none-eabi/6.3.1/thumb/v6-m\libgcc.a(truncdfsf2.o)
                              temperature_sensor/mcp980x/mcp980x.o (__aeabi_d2f)
c:/program files (x86)/atmel/studio/7.0/toolchain/arm/arm-gnu-toolchain/bin/../lib/gcc/arm-none-eabi/6.3.1/thumb/v6-m\libgcc.a(_arm_cmpdf2.o)
                              c:/program files (x86)/atmel/studio/7.0/toolchain/arm/arm-gnu-toolchain/bin/../lib/gcc/arm-none-eabi/6.3.1/thumb/v6-m\libgcc.a(_fixunsdfsi.o) (__aeabi_dcmpge)
c:/program files (x86)/atmel/studio/7.0/toolchain/arm/arm-gnu-toolchain/bin/../lib/gcc/arm-none-eabi/6.3.1/thumb/v6-m\libgcc.a(_clzsi2.o)
                              c:/program files (x86)/atmel/studio/7.0/toolchain/arm/arm-gnu-toolchain/bin/../lib/gcc/arm-none-eabi/6.3.1/thumb/v6-m\libgcc.a(mulsf3.o) (__clzsi2)
c:/program files (x86)/atmel/studio/7.0/toolchain/arm/arm-gnu-toolchain/bin/../lib/gcc/arm-none-eabi/6.3.1/thumb/v6-m\libgcc.a(_clzdi2.o)
[...]
Memory Configuration

Name             Origin             Length             Attributes
rom              0x00000000         0x00040000         xr
ram              0x20000000         0x00008000         xrw
lpram            0x30000000         0x00002000         xrw
*default*        0x00000000         0xffffffff

Linker script and memory map

LOAD c:/program files (x86)/atmel/studio/7.0/toolchain/arm/arm-gnu-toolchain/bin/../lib/gcc/arm-none-eabi/6.3.1/thumb/v6-m/crti.o
LOAD c:/program files (x86)/atmel/studio/7.0/toolchain/arm/arm-gnu-toolchain/bin/../lib/gcc/arm-none-eabi/6.3.1/thumb/v6-m/crtbegin.o
LOAD c:/program files (x86)/atmel/studio/7.0/toolchain/arm/arm-gnu-toolchain/bin/../lib/gcc/arm-none-eabi/6.3.1/../../../../arm-none-eabi/lib/thumb/v6-m/crt0.o
LOAD atmel_start.o
LOAD Device_Startup/startup_saml21.o
LOAD Device_Startup/system_saml21.o
LOAD driver_init.o
LOAD examples/driver_examples.o
LOAD hal/src/hal_atomic.o
LOAD hal/src/hal_calendar.o
LOAD hal/src/hal_delay.o
LOAD hal/src/hal_gpio.o
LOAD hal/src/hal_i2c_m_sync.o
LOAD hal/src/hal_i2c_s_async.o
LOAD hal/src/hal_init.o
LOAD hal/src/hal_io.o
LOAD hal/src/hal_sleep.o
LOAD hal/src/hal_timer.o
LOAD hal/src/hal_usart_async.o
LOAD hal/src/hal_wdt.o
LOAD hal/utils/src/utils_assert.o
LOAD hal/utils/src/utils_event.o
LOAD hal/utils/src/utils_list.o
LOAD hal/utils/src/utils_ringbuffer.o
LOAD hal/utils/src/utils_syscalls.o
LOAD hpl/core/hpl_core_m0plus_base.o
LOAD hpl/core/hpl_init.o
LOAD hpl/dmac/hpl_dmac.o
LOAD hpl/gclk/hpl_gclk.o
LOAD hpl/mclk/hpl_mclk.o
LOAD hpl/osc32kctrl/hpl_osc32kctrl.o
LOAD hpl/oscctrl/hpl_oscctrl.o
LOAD hpl/pm/hpl_pm.o
LOAD hpl/rtc/hpl_rtc.o
LOAD hpl/sercom/hpl_sercom.o
LOAD hpl/systick/hpl_systick.o
LOAD hpl/tc/hpl_tc.o
LOAD hpl/wdt/hpl_wdt.o
LOAD magnetic_sensor/lis2mdl/lis2mdl.o
LOAD magnetic_sensor/magnetic_sensor.o
LOAD main.o
LOAD sleep_manager/sleep_manager.o
LOAD sleep_manager_main.o
LOAD temperature_sensor/mcp980x/mcp980x.o
LOAD temperature_sensor/temperature_sensor.o
LOAD temperature_sensor_main.o
START GROUP
LOAD c:/program files (x86)/atmel/studio/7.0/toolchain/arm/arm-gnu-toolchain/bin/../lib/gcc/arm-none-eabi/6.3.1/../../../../arm-none-eabi/lib/thumb/v6-m\libm.a
END GROUP
START GROUP
LOAD c:/program files (x86)/atmel/studio/7.0/toolchain/arm/arm-gnu-toolchain/bin/../lib/gcc/arm-none-eabi/6.3.1/thumb/v6-m\libgcc.a
LOAD c:/program files (x86)/atmel/studio/7.0/toolchain/arm/arm-gnu-toolchain/bin/../lib/gcc/arm-none-eabi/6.3.1/../../../../arm-none-eabi/lib/thumb/v6-m\libc_nano.a
END GROUP
START GROUP
LOAD c:/program files (x86)/atmel/studio/7.0/toolchain/arm/arm-gnu-toolchain/bin/../lib/gcc/arm-none-eabi/6.3.1/thumb/v6-m\libgcc.a
LOAD c:/program files (x86)/atmel/studio/7.0/toolchain/arm/arm-gnu-toolchain/bin/../lib/gcc/arm-none-eabi/6.3.1/../../../../arm-none-eabi/lib/thumb/v6-m\libc_nano.a
END GROUP
LOAD c:/program files (x86)/atmel/studio/7.0/toolchain/arm/arm-gnu-toolchain/bin/../lib/gcc/arm-none-eabi/6.3.1/thumb/v6-m/crtend.o
LOAD c:/program files (x86)/atmel/studio/7.0/toolchain/arm/arm-gnu-toolchain/bin/../lib/gcc/arm-none-eabi/6.3.1/thumb/v6-m/crtn.o
                0x00002000                STACK_SIZE = DEFINED (STACK_SIZE)?STACK_SIZE:DEFINED (__stack_size__)?__stack_size__:0x2000

.text           0x00000000     0x70cc
                0x00000000                . = ALIGN (0x4)
                0x00000000                _sfixed = .
 *(.vectors .vectors.*)
 .vectors       0x00000000       0xb4 Device_Startup/startup_saml21.o
                0x00000000                exception_table
 *(.text .text.* .gnu.linkonce.t.*)
 .text          0x000000b4       0x60 c:/program files (x86)/atmel/studio/7.0/toolchain/arm/arm-gnu-toolchain/bin/../lib/gcc/arm-none-eabi/6.3.1/thumb/v6-m/crtbegin.o
 .text.atmel_start_init
                0x00000114       0x1c atmel_start.o
                0x00000114                atmel_start_init
 .text.Reset_Handler
                0x00000130       0x94 Device_Startup/startup_saml21.o
                0x00000130                Reset_Handler
 .text.Dummy_Handler
                0x000001c4        0x6 Device_Startup/startup_saml21.o
                0x000001c4                SVCall_Handler
                0x000001c4                DMAC_Handler
                0x000001c4                TRNG_Handler
                0x000001c4                HardFault_Handler
                0x000001c4                AC_Handler
                0x000001c4                SysTick_Handler
                0x000001c4                PendSV_Handler
                0x000001c4                ADC_Handler
                0x000001c4                NonMaskableInt_Handler
                0x000001c4                TCC1_Handler
                0x000001c4                SERCOM2_Handler
                0x000001c4                TCC0_Handler
                0x000001c4                EIC_Handler
                0x000001c4                WDT_Handler
                0x000001c4                TC4_Handler
                0x000001c4                TC1_Handler
                0x000001c4                USB_Handler
                0x000001c4                Dummy_Handler
                0x000001c4                SERCOM5_Handler
                0x000001c4                TCC2_Handler
                0x000001c4                EVSYS_Handler
                0x000001c4                SERCOM3_Handler
                0x000001c4                SERCOM4_Handler
                0x000001c4                NVMCTRL_Handler
                0x000001c4                SYSTEM_Handler
                0x000001c4                DAC_Handler
                0x000001c4                PTC_Handler
                0x000001c4                AES_Handler
 .text.hri_gclk_write_PCHCTRL_reg
                0x000001ca       0x2a driver_init.o
 .text.hri_mclk_set_APBAMASK_WDT_bit
                0x000001f4       0x1c driver_init.o
 .text.hri_mclk_set_APBAMASK_RTC_bit
                0x00000210       0x1e driver_init.o
 .text.hri_mclk_set_APBCMASK_SERCOM0_bit
                0x0000022e       0x1c driver_init.o
 .text.hri_mclk_set_APBCMASK_SERCOM1_bit
                0x0000024a       0x1c driver_init.o
 .text.hri_mclk_set_APBCMASK_SERCOM2_bit
                0x00000266       0x1c driver_init.o
 .text.hri_mclk_set_APBCMASK_TC0_bit
                0x00000282       0x1e driver_init.o
 .text.hri_port_set_DIR_reg
                0x000002a0       0x2c driver_init.o
 .text.hri_port_clear_DIR_reg
                0x000002cc       0x2c driver_init.o
 .text.hri_port_set_OUT_reg
                0x000002f8       0x2c driver_init.o
 .text.hri_port_clear_OUT_reg
                0x00000324       0x2c driver_init.o
 .text.hri_port_write_PMUX_PMUXE_bf
                0x00000350       0x88 driver_init.o
 .text.hri_port_write_PMUX_PMUXO_bf
                0x000003d8       0x86 driver_init.o
 .text.hri_port_write_PINCFG_PMUXEN_bit
                0x0000045e       0x82 driver_init.o
 .text.hri_port_set_PINCFG_PULLEN_bit
                0x000004e0       0x56 driver_init.o
 .text.hri_port_clear_PINCFG_PULLEN_bit
                0x00000536       0x56 driver_init.o
 .text.hri_port_write_WRCONFIG_reg
                0x0000058c       0x2c driver_init.o
 .text._gpio_set_direction
                0x000005b8      0x118 driver_init.o
 .text._gpio_set_level
                0x000006d0       0x50 driver_init.o
 .text._gpio_set_pin_pull_mode
                0x00000720       0xf4 driver_init.o
 .text._gpio_set_pin_function
                0x00000814       0xb4 driver_init.o
 .text.gpio_set_pin_pull_mode
                0x000008c8       0x3c driver_init.o
 .text.gpio_set_pin_function
                0x00000904       0x24 driver_init.o
 .text.gpio_set_pin_direction
                0x00000928       0x40 driver_init.o
 .text.gpio_set_pin_level
                0x00000968       0x40 driver_init.o
 .text.init_mcu
                0x000009a8       0x14 driver_init.o
 .text.wdt_init
                0x000009bc       0x54 driver_init.o
 .text.CALENDAR_0_CLOCK_init
                0x00000a10       0x1c driver_init.o
                0x00000a10                CALENDAR_0_CLOCK_init
 .text.CALENDAR_0_init
                0x00000a2c       0x2c driver_init.o
                0x00000a2c                CALENDAR_0_init
 .text.USART_0_CLOCK_init
                0x00000a58       0x3c driver_init.o
                0x00000a58                USART_0_CLOCK_init
 .text.USART_0_PORT_init
                0x00000a94       0x2c driver_init.o
                0x00000a94                USART_0_PORT_init
 .text.USART_0_init
                0x00000ac0       0x3c driver_init.o
                0x00000ac0                USART_0_init
 .text.I2C_IN_PORT_init
                0x00000afc       0x40 driver_init.o
                0x00000afc                I2C_IN_PORT_init
 .text.I2C_IN_CLOCK_init
                0x00000b3c       0x3c driver_init.o
                0x00000b3c                I2C_IN_CLOCK_init
 .text.I2C_IN_init
                0x00000b78       0x38 driver_init.o
                0x00000b78                I2C_IN_init
 .text.I2C_OUT_PORT_init
                0x00000bb0       0x40 driver_init.o
                0x00000bb0                I2C_OUT_PORT_init
 .text.I2C_OUT_CLOCK_init
                0x00000bf0       0x3c driver_init.o
                0x00000bf0                I2C_OUT_CLOCK_init
 .text.I2C_OUT_init
                0x00000c2c       0x34 driver_init.o
                0x00000c2c                I2C_OUT_init
 .text.delay_driver_init
                0x00000c60       0x1c driver_init.o
                0x00000c60                delay_driver_init
 .text.TIMER_0_init
                0x00000c7c       0x50 driver_init.o
 .text.WDT_0_CLOCK_init
                0x00000ccc       0x1c driver_init.o
                0x00000ccc                WDT_0_CLOCK_init
 .text.WDT_0_init
                0x00000ce8       0x2c driver_init.o
                0x00000ce8                WDT_0_init
 .text.system_init
                0x00000d14      0x200 driver_init.o
                0x00000d14                system_init
 .text.atomic_enter_critical
                0x00000f14       0x22 hal/src/hal_atomic.o
                0x00000f14                atomic_enter_critical
 .text.atomic_leave_critical
                0x00000f36       0x20 hal/src/hal_atomic.o
                0x00000f36                atomic_leave_critical
 .text.leap_year
                0x00000f56       0x24 hal/src/hal_calendar.o
 *fill*         0x00000f7a        0x2 
 .text.get_secs_in_month
                0x00000f7c       0x94 hal/src/hal_calendar.o
 .text.convert_timestamp_to_datetime
                0x00001010      0x15c hal/src/hal_calendar.o
 .text.convert_datetime_to_timestamp
                0x0000116c      0x138 hal/src/hal_calendar.o
 .text.calibrate_timestamp
                0x000012a4       0xf4 hal/src/hal_calendar.o
 .text.fill_alarm
                0x00001398      0x134 hal/src/hal_calendar.o
 .text.calendar_init
                0x000014cc       0x70 hal/src/hal_calendar.o
                0x000014cc                calendar_init
 .text.delay_init
                0x0000153c       0x28 hal/src/hal_delay.o
                0x0000153c                delay_init
 .text.delay_ms
                0x00001564       0x38 hal/src/hal_delay.o
                0x00001564                delay_ms
 .text.i2c_m_sync_read
                0x0000159c       0x68 hal/src/hal_i2c_m_sync.o
 .text.i2c_m_sync_write
                0x00001604       0x68 hal/src/hal_i2c_m_sync.o
 .text.i2c_m_sync_init
                0x0000166c       0x60 hal/src/hal_i2c_m_sync.o
                0x0000166c                i2c_m_sync_init
 .text.i2c_m_sync_enable
                0x000016cc       0x20 hal/src/hal_i2c_m_sync.o
                0x000016cc                i2c_m_sync_enable
 .text.i2c_m_sync_set_slaveaddr
                0x000016ec       0x40 hal/src/hal_i2c_m_sync.o
                0x000016ec                i2c_m_sync_set_slaveaddr
 .text.i2c_s_async_init
                0x0000172c       0xd8 hal/src/hal_i2c_s_async.o
                0x0000172c                i2c_s_async_init
 .text.i2c_s_async_tx
                0x00001804       0x90 hal/src/hal_i2c_s_async.o
 .text.i2c_s_async_byte_received
                0x00001894       0x44 hal/src/hal_i2c_s_async.o
 .text.i2c_s_async_error
                0x000018d8       0x26 hal/src/hal_i2c_s_async.o
 *fill*         0x000018fe        0x2 
 .text.i2c_s_async_read
                0x00001900       0xd0 hal/src/hal_i2c_s_async.o
 .text.i2c_s_async_write
                0x000019d0       0x94 hal/src/hal_i2c_s_async.o
 .text.io_write
                0x00001a64       0x54 hal/src/hal_io.o
                0x00001a64                io_write
 .text.io_read  0x00001ab8       0x54 hal/src/hal_io.o
                0x00001ab8                io_read
 .text.list_get_head
                0x00001b0c       0x14 hal/src/hal_timer.o
 .text.list_get_next_element
                0x00001b20       0x1e hal/src/hal_timer.o
 *fill*         0x00001b3e        0x2 
 .text.timer_init
                0x00001b40       0x64 hal/src/hal_timer.o
                0x00001b40                timer_init
 .text.timer_add_timer_task
                0x00001ba4       0xc4 hal/src/hal_timer.o
 .text.timer_process_counted
                0x00001c68       0xc4 hal/src/hal_timer.o
 .text.usart_async_init
                0x00001d2c       0xd4 hal/src/hal_usart_async.o
                0x00001d2c                usart_async_init
 .text.usart_async_write
                0x00001e00       0x98 hal/src/hal_usart_async.o
 .text.usart_async_read
                0x00001e98       0xcc hal/src/hal_usart_async.o
 .text.usart_process_byte_sent
                0x00001f64       0x70 hal/src/hal_usart_async.o
 .text.usart_transmission_complete
                0x00001fd4       0x2e hal/src/hal_usart_async.o
 *fill*         0x00002002        0x2 
 .text.usart_fill_rx_buffer
                0x00002004       0x44 hal/src/hal_usart_async.o
 .text.usart_error
                0x00002048       0x2e hal/src/hal_usart_async.o
 .text.assert   0x00002076       0x2c hal/utils/src/utils_assert.o
                0x00002076                assert
 *fill*         0x000020a2        0x2 
 .text.event_subscribe
                0x000020a4      0x124 hal/utils/src/utils_event.o
                0x000020a4                event_subscribe
 .text.is_list_element
                0x000021c8       0x34 hal/utils/src/utils_list.o
                0x000021c8                is_list_element
 .text.list_insert_as_head
                0x000021fc       0x58 hal/utils/src/utils_list.o
                0x000021fc                list_insert_as_head
 .text.list_insert_after
                0x00002254       0x20 hal/utils/src/utils_list.o
                0x00002254                list_insert_after
 .text.list_remove_head
                0x00002274       0x2e hal/utils/src/utils_list.o
                0x00002274                list_remove_head
 *fill*         0x000022a2        0x2 
 .text.ringbuffer_init
                0x000022a4       0x74 hal/utils/src/utils_ringbuffer.o
                0x000022a4                ringbuffer_init
 .text.ringbuffer_get
                0x00002318       0x74 hal/utils/src/utils_ringbuffer.o
                0x00002318                ringbuffer_get
 .text.ringbuffer_put
                0x0000238c       0x74 hal/utils/src/utils_ringbuffer.o
                0x0000238c                ringbuffer_put
 .text.ringbuffer_num
                0x00002400       0x34 hal/utils/src/utils_ringbuffer.o
                0x00002400                ringbuffer_num
 .text._get_cycles_for_us_internal
                0x00002434      0x108 hpl/core/hpl_core_m0plus_base.o
 .text._get_cycles_for_ms_internal
                0x0000253c       0xe8 hpl/core/hpl_core_m0plus_base.o
 .text._get_cycles_for_ms
                0x00002624       0x2c hpl/core/hpl_core_m0plus_base.o
                0x00002624                _get_cycles_for_ms
 .text.hri_nvmctrl_set_CTRLB_RWS_bf
                0x00002650       0x24 hpl/core/hpl_init.o
 .text._init_chip
                0x00002674       0x50 hpl/core/hpl_init.o
                0x00002674                _init_chip
 .text.hri_gclk_wait_for_sync
                0x000026c4       0x1e hpl/gclk/hpl_gclk.o
 *fill*         0x000026e2        0x2 
 .text.hri_gclk_write_GENCTRL_reg
                0x000026e4       0x40 hpl/gclk/hpl_gclk.o
 .text._gclk_init_generators_by_fref
                0x00002724       0x30 hpl/gclk/hpl_gclk.o
                0x00002724                _gclk_init_generators_by_fref
 .text.hri_mclk_write_CPUDIV_reg
                0x00002754       0x1e hpl/mclk/hpl_mclk.o
 .text.hri_mclk_write_LPDIV_reg
                0x00002772       0x1e hpl/mclk/hpl_mclk.o
 .text.hri_mclk_write_BUPDIV_reg
                0x00002790       0x1e hpl/mclk/hpl_mclk.o
 *fill*         0x000027ae        0x2 
 .text._mclk_init
                0x000027b0       0x40 hpl/mclk/hpl_mclk.o
                0x000027b0                _mclk_init
 .text.hri_osc32kctrl_write_RTCCTRL_reg
                0x000027f0       0x18 hpl/osc32kctrl/hpl_osc32kctrl.o
 .text.hri_osc32kctrl_read_OSCULP32K_CALIB_bf
                0x00002808       0x22 hpl/osc32kctrl/hpl_osc32kctrl.o
 .text.hri_osc32kctrl_write_OSCULP32K_reg
                0x0000282a       0x18 hpl/osc32kctrl/hpl_osc32kctrl.o
 *fill*         0x00002842        0x2 
 .text._osc32kctrl_init_sources
                0x00002844       0x58 hpl/osc32kctrl/hpl_osc32kctrl.o
                0x00002844                _osc32kctrl_init_sources
 .text.hri_oscctrl_wait_for_sync
                0x0000289c       0x2c hpl/oscctrl/hpl_oscctrl.o
 .text.hri_oscctrl_get_STATUS_OSC16MRDY_bit
                0x000028c8       0x20 hpl/oscctrl/hpl_oscctrl.o
 .text.hri_oscctrl_set_OSC16MCTRL_ONDEMAND_bit
                0x000028e8       0x30 hpl/oscctrl/hpl_oscctrl.o
 .text.hri_oscctrl_write_OSC16MCTRL_reg
                0x00002918       0x2c hpl/oscctrl/hpl_oscctrl.o
 .text._oscctrl_init_sources
                0x00002944       0x4c hpl/oscctrl/hpl_oscctrl.o
                0x00002944                _oscctrl_init_sources
 .text._oscctrl_init_referenced_generators
                0x00002990       0x1c hpl/oscctrl/hpl_oscctrl.o
                0x00002990                _oscctrl_init_referenced_generators
 .text.hri_pm_read_INTFLAG_reg
                0x000029ac       0x16 hpl/pm/hpl_pm.o
 .text.hri_pm_clear_INTFLAG_reg
                0x000029c2       0x1e hpl/pm/hpl_pm.o
 .text.hri_pm_get_PLCFG_PLSEL_bf
                0x000029e0       0x3e hpl/pm/hpl_pm.o
 .text.hri_pm_write_PLCFG_PLSEL_bf
                0x00002a1e       0x52 hpl/pm/hpl_pm.o
 .text._set_performance_level
                0x00002a70       0x68 hpl/pm/hpl_pm.o
                0x00002a70                _set_performance_level
 .text.hri_rtcmode0_wait_for_sync
                0x00002ad8       0x1e hpl/rtc/hpl_rtc.o
 .text.hri_rtcmode0_clear_interrupt_CMP0_bit
                0x00002af6       0x18 hpl/rtc/hpl_rtc.o
 .text.hri_rtcmode0_read_INTFLAG_reg
                0x00002b0e       0x16 hpl/rtc/hpl_rtc.o
 .text.hri_rtcmode0_set_CTRLA_SWRST_bit
                0x00002b24       0x30 hpl/rtc/hpl_rtc.o
 .text.hri_rtcmode0_get_CTRLA_ENABLE_bit
                0x00002b54       0x50 hpl/rtc/hpl_rtc.o
 .text.hri_rtcmode0_clear_CTRLA_ENABLE_bit
                0x00002ba4       0x34 hpl/rtc/hpl_rtc.o
 .text.hri_rtcmode0_write_CTRLA_reg
                0x00002bd8       0x34 hpl/rtc/hpl_rtc.o
 .text.hri_rtcmode0_read_COUNT_reg
                0x00002c0c       0x24 hpl/rtc/hpl_rtc.o
 .text._calendar_init
                0x00002c30       0xb4 hpl/rtc/hpl_rtc.o
                0x00002c30                _calendar_init
 .text._calendar_get_counter
                0x00002ce4       0x50 hpl/rtc/hpl_rtc.o
                0x00002ce4                _calendar_get_counter
 .text._rtc_interrupt_handler
                0x00002d34       0x4c hpl/rtc/hpl_rtc.o
 .text.RTC_Handler
                0x00002d80       0x1c hpl/rtc/hpl_rtc.o
                0x00002d80                RTC_Handler
 .text.__NVIC_EnableIRQ
                0x00002d9c       0x34 hpl/sercom/hpl_sercom.o
 .text.__NVIC_DisableIRQ
                0x00002dd0       0x40 hpl/sercom/hpl_sercom.o
 .text.__NVIC_ClearPendingIRQ
                0x00002e10       0x38 hpl/sercom/hpl_sercom.o
 .text.hri_sercomi2cm_wait_for_sync
                0x00002e48       0x1e hpl/sercom/hpl_sercom.o
 .text.hri_sercomi2cm_is_syncing
                0x00002e66       0x20 hpl/sercom/hpl_sercom.o
 .text.hri_sercomi2cs_wait_for_sync
                0x00002e86       0x1e hpl/sercom/hpl_sercom.o
 .text.hri_sercomi2cs_is_syncing
                0x00002ea4       0x20 hpl/sercom/hpl_sercom.o
 .text.hri_sercomusart_wait_for_sync
                0x00002ec4       0x1e hpl/sercom/hpl_sercom.o
 .text.hri_sercomusart_is_syncing
                0x00002ee2       0x20 hpl/sercom/hpl_sercom.o
 .text.hri_sercomi2cm_clear_interrupt_MB_bit
                0x00002f02       0x16 hpl/sercom/hpl_sercom.o
 .text.hri_sercomi2cm_clear_interrupt_SB_bit
                0x00002f18       0x16 hpl/sercom/hpl_sercom.o
 .text.hri_sercomi2cm_read_INTFLAG_reg
                0x00002f2e       0x16 hpl/sercom/hpl_sercom.o
 .text.hri_sercomusart_get_interrupt_DRE_bit
                0x00002f44       0x22 hpl/sercom/hpl_sercom.o
 .text.hri_sercomusart_get_interrupt_TXC_bit
                0x00002f66       0x22 hpl/sercom/hpl_sercom.o
 .text.hri_sercomusart_get_interrupt_RXC_bit
                0x00002f88       0x22 hpl/sercom/hpl_sercom.o
 .text.hri_sercomusart_get_interrupt_ERROR_bit
                0x00002faa       0x22 hpl/sercom/hpl_sercom.o
 .text.hri_sercomusart_clear_interrupt_ERROR_bit
                0x00002fcc       0x16 hpl/sercom/hpl_sercom.o
 .text.hri_sercomusart_set_INTEN_DRE_bit
                0x00002fe2       0x16 hpl/sercom/hpl_sercom.o
 .text.hri_sercomusart_get_INTEN_DRE_bit
                0x00002ff8       0x22 hpl/sercom/hpl_sercom.o
 .text.hri_sercomusart_clear_INTEN_DRE_bit
                0x0000301a       0x16 hpl/sercom/hpl_sercom.o
 .text.hri_sercomusart_set_INTEN_TXC_bit
                0x00003030       0x16 hpl/sercom/hpl_sercom.o
 .text.hri_sercomusart_get_INTEN_TXC_bit
                0x00003046       0x22 hpl/sercom/hpl_sercom.o
 .text.hri_sercomusart_clear_INTEN_TXC_bit
                0x00003068       0x16 hpl/sercom/hpl_sercom.o
 *fill*         0x0000307e        0x2 
 .text.hri_sercomi2cm_set_CTRLA_ENABLE_bit
                0x00003080       0x2c hpl/sercom/hpl_sercom.o
 .text.hri_sercomi2cm_clear_CTRLA_ENABLE_bit
                0x000030ac       0x2c hpl/sercom/hpl_sercom.o
 .text.hri_sercomi2cm_get_CTRLA_SCLSM_bit
                0x000030d8       0x28 hpl/sercom/hpl_sercom.o
 .text.hri_sercomi2cm_get_CTRLA_reg
                0x00003100       0x30 hpl/sercom/hpl_sercom.o
 .text.hri_sercomi2cm_write_CTRLA_reg
                0x00003130       0x28 hpl/sercom/hpl_sercom.o
 .text.hri_sercomi2cs_clear_CTRLA_ENABLE_bit
                0x00003158       0x2c hpl/sercom/hpl_sercom.o
 .text.hri_sercomi2cs_get_CTRLA_reg
                0x00003184       0x30 hpl/sercom/hpl_sercom.o
 .text.hri_sercomi2cs_write_CTRLA_reg
                0x000031b4       0x28 hpl/sercom/hpl_sercom.o
 .text.hri_sercomusart_clear_CTRLA_ENABLE_bit
                0x000031dc       0x2c hpl/sercom/hpl_sercom.o
 .text.hri_sercomusart_get_CTRLA_reg
                0x00003208       0x30 hpl/sercom/hpl_sercom.o
 .text.hri_sercomusart_write_CTRLA_reg
                0x00003238       0x28 hpl/sercom/hpl_sercom.o
 .text.hri_sercomi2cm_set_CTRLB_SMEN_bit
                0x00003260       0x2c hpl/sercom/hpl_sercom.o
 .text.hri_sercomi2cm_clear_CTRLB_SMEN_bit
                0x0000328c       0x30 hpl/sercom/hpl_sercom.o
 .text.hri_sercomi2cm_set_CTRLB_ACKACT_bit
                0x000032bc       0x2c hpl/sercom/hpl_sercom.o
 .text.hri_sercomi2cm_clear_CTRLB_ACKACT_bit
                0x000032e8       0x30 hpl/sercom/hpl_sercom.o
 .text.hri_sercomi2cm_set_CTRLB_CMD_bf
                0x00003318       0x34 hpl/sercom/hpl_sercom.o
 .text.hri_sercomi2cm_write_CTRLB_reg
                0x0000334c       0x28 hpl/sercom/hpl_sercom.o
 .text.hri_sercomi2cs_write_CTRLB_reg
                0x00003374       0x18 hpl/sercom/hpl_sercom.o
 .text.hri_sercomusart_write_CTRLB_reg
                0x0000338c       0x28 hpl/sercom/hpl_sercom.o
 .text.hri_sercomi2cm_write_BAUD_reg
                0x000033b4       0x18 hpl/sercom/hpl_sercom.o
 .text.hri_sercomusart_write_BAUD_reg
                0x000033cc       0x1e hpl/sercom/hpl_sercom.o
 .text.hri_sercomusart_write_RXPL_reg
                0x000033ea       0x1e hpl/sercom/hpl_sercom.o
 .text.hri_sercomi2cm_write_ADDR_HS_bit
                0x00003408       0x4c hpl/sercom/hpl_sercom.o
 .text.hri_sercomi2cm_write_ADDR_reg
                0x00003454       0x28 hpl/sercom/hpl_sercom.o
 .text.hri_sercomi2cm_read_ADDR_reg
                0x0000347c       0x24 hpl/sercom/hpl_sercom.o
 .text.hri_sercomi2cs_write_ADDR_reg
                0x000034a0       0x18 hpl/sercom/hpl_sercom.o
 .text.hri_sercomi2cm_write_DATA_reg
                0x000034b8       0x30 hpl/sercom/hpl_sercom.o
 .text.hri_sercomi2cm_read_DATA_reg
                0x000034e8       0x28 hpl/sercom/hpl_sercom.o
 .text.hri_sercomi2cs_write_DATA_reg
                0x00003510       0x20 hpl/sercom/hpl_sercom.o
 .text.hri_sercomi2cs_read_DATA_reg
                0x00003530       0x18 hpl/sercom/hpl_sercom.o
 .text.hri_sercomusart_write_DATA_reg
                0x00003548       0x1e hpl/sercom/hpl_sercom.o
 .text.hri_sercomusart_read_DATA_reg
                0x00003566       0x16 hpl/sercom/hpl_sercom.o
 .text.hri_sercomusart_write_DBGCTRL_reg
                0x0000357c       0x20 hpl/sercom/hpl_sercom.o
 .text.hri_sercomi2cs_get_STATUS_DIR_bit
                0x0000359c       0x22 hpl/sercom/hpl_sercom.o
 .text.hri_sercomusart_clear_STATUS_reg
                0x000035be       0x1e hpl/sercom/hpl_sercom.o
 .text.hri_sercomusart_read_STATUS_reg
                0x000035dc       0x16 hpl/sercom/hpl_sercom.o
 *fill*         0x000035f2        0x2 
 .text.hri_sercomi2cm_read_STATUS_BUSSTATE_bf
                0x000035f4       0x30 hpl/sercom/hpl_sercom.o
 .text.hri_sercomi2cm_read_STATUS_reg
                0x00003624       0x24 hpl/sercom/hpl_sercom.o
 .text.hri_sercomi2cm_clear_STATUS_reg
                0x00003648       0x2c hpl/sercom/hpl_sercom.o
 .text._usart_async_init
                0x00003674       0xa4 hpl/sercom/hpl_sercom.o
                0x00003674                _usart_async_init
 .text._usart_async_write_byte
                0x00003718       0x2c hpl/sercom/hpl_sercom.o
                0x00003718                _usart_async_write_byte
 .text._usart_async_enable_byte_sent_irq
                0x00003744       0x20 hpl/sercom/hpl_sercom.o
                0x00003744                _usart_async_enable_byte_sent_irq
 .text._usart_async_enable_tx_done_irq
                0x00003764       0x20 hpl/sercom/hpl_sercom.o
                0x00003764                _usart_async_enable_tx_done_irq
 .text._sercom_get_hardware_index
                0x00003784       0x30 hpl/sercom/hpl_sercom.o
 .text._sercom_usart_interrupt_handler
                0x000037b4      0x118 hpl/sercom/hpl_sercom.o
 .text._get_sercom_index
                0x000038cc       0x88 hpl/sercom/hpl_sercom.o
 .text._sercom_init_irq_param
                0x00003954       0x3c hpl/sercom/hpl_sercom.o
 .text._usart_init
                0x00003990      0x1fc hpl/sercom/hpl_sercom.o
 .text._get_i2cm_index
                0x00003b8c       0x8c hpl/sercom/hpl_sercom.o
 .text._sercom_i2c_send_stop
                0x00003c18       0x20 hpl/sercom/hpl_sercom.o
 .text._sercom_i2c_sync_analyse_flags
                0x00003c38      0x264 hpl/sercom/hpl_sercom.o
 .text._sercom_get_irq_num
                0x00003e9c       0x24 hpl/sercom/hpl_sercom.o
 .text._i2c_m_sync_init
                0x00003ec0       0x48 hpl/sercom/hpl_sercom.o
                0x00003ec0                _i2c_m_sync_init
 .text._i2c_m_sync_enable
                0x00003f08       0x40 hpl/sercom/hpl_sercom.o
                0x00003f08                _i2c_m_sync_enable
 .text._sercom_i2c_sync_wait_bus
                0x00003f48       0x5c hpl/sercom/hpl_sercom.o
 .text._sercom_i2c_sync_send_address
                0x00003fa4      0x140 hpl/sercom/hpl_sercom.o
 .text._i2c_m_sync_transfer
                0x000040e4      0x13c hpl/sercom/hpl_sercom.o
                0x000040e4                _i2c_m_sync_transfer
 .text._i2c_m_enable_implementation
                0x00004220       0x90 hpl/sercom/hpl_sercom.o
 .text._i2c_m_sync_init_impl
                0x000042b0      0x174 hpl/sercom/hpl_sercom.o
 .text._i2c_s_async_init
                0x00004424       0xa8 hpl/sercom/hpl_sercom.o
                0x00004424                _i2c_s_async_init
 .text._i2c_s_async_write_byte
                0x000044cc       0x2c hpl/sercom/hpl_sercom.o
                0x000044cc                _i2c_s_async_write_byte
 .text._sercom_i2c_s_irq_handler
                0x000044f8       0xd4 hpl/sercom/hpl_sercom.o
 .text._i2c_s_init
                0x000045cc      0x118 hpl/sercom/hpl_sercom.o
 .text._get_i2c_s_index
                0x000046e4       0x88 hpl/sercom/hpl_sercom.o
 .text.SERCOM0_Handler
                0x0000476c       0x1c hpl/sercom/hpl_sercom.o
                0x0000476c                SERCOM0_Handler
 .text.SERCOM1_Handler
                0x00004788       0x1c hpl/sercom/hpl_sercom.o
                0x00004788                SERCOM1_Handler
 .text._system_time_init
                0x000047a4       0x24 hpl/systick/hpl_systick.o
                0x000047a4                _system_time_init
 .text._delay_init
                0x000047c8       0x1c hpl/systick/hpl_systick.o
                0x000047c8                _delay_init
 .text._delay_cycles
                0x000047e4       0x80 hpl/systick/hpl_systick.o
                0x000047e4                _delay_cycles
 .text.__NVIC_EnableIRQ
                0x00004864       0x34 hpl/tc/hpl_tc.o
 .text.__NVIC_DisableIRQ
                0x00004898       0x40 hpl/tc/hpl_tc.o
 .text.__NVIC_ClearPendingIRQ
                0x000048d8       0x38 hpl/tc/hpl_tc.o
 .text.hri_tc_wait_for_sync
                0x00004910       0x1e hpl/tc/hpl_tc.o
 .text.hri_tc_is_syncing
                0x0000492e       0x20 hpl/tc/hpl_tc.o
 .text.hri_tc_get_interrupt_OVF_bit
                0x0000494e       0x22 hpl/tc/hpl_tc.o
 .text.hri_tc_clear_interrupt_OVF_bit
                0x00004970       0x16 hpl/tc/hpl_tc.o
 .text.hri_tc_set_INTEN_OVF_bit
                0x00004986       0x16 hpl/tc/hpl_tc.o
 .text.hri_tc_clear_CTRLA_ENABLE_bit
                0x0000499c       0x2c hpl/tc/hpl_tc.o
 .text.hri_tc_get_CTRLA_reg
                0x000049c8       0x30 hpl/tc/hpl_tc.o
 .text.hri_tc_write_CTRLA_reg
                0x000049f8       0x28 hpl/tc/hpl_tc.o
 .text.hri_tc_write_EVCTRL_reg
                0x00004a20       0x1e hpl/tc/hpl_tc.o
 .text.hri_tc_write_WAVE_reg
                0x00004a3e       0x1e hpl/tc/hpl_tc.o
 .text.hri_tc_write_DBGCTRL_reg
                0x00004a5c       0x1e hpl/tc/hpl_tc.o
 *fill*         0x00004a7a        0x2 
 .text.hri_tccount8_write_PER_reg
                0x00004a7c       0x2c hpl/tc/hpl_tc.o
 .text.hri_tccount8_write_CC_reg
                0x00004aa8       0x3c hpl/tc/hpl_tc.o
 .text.hri_tccount16_write_CC_reg
                0x00004ae4       0x44 hpl/tc/hpl_tc.o
 .text.hri_tccount32_write_CC_reg
                0x00004b28       0x3c hpl/tc/hpl_tc.o
 .text._timer_init
                0x00004b64      0x314 hpl/tc/hpl_tc.o
                0x00004b64                _timer_init
 .text._tc_get_timer
                0x00004e78        0xc hpl/tc/hpl_tc.o
                0x00004e78                _tc_get_timer
 .text.tc_interrupt_handler
                0x00004e84       0x3c hpl/tc/hpl_tc.o
 .text.TC0_Handler
                0x00004ec0       0x1c hpl/tc/hpl_tc.o
                0x00004ec0                TC0_Handler
 .text.get_tc_index
                0x00004edc       0x8c hpl/tc/hpl_tc.o
 .text._tc_init_irq_param
                0x00004f68       0x28 hpl/tc/hpl_tc.o
 .text._get_hardware_offset
                0x00004f90       0x30 hpl/tc/hpl_tc.o
 .text.hri_wdt_wait_for_sync
                0x00004fc0       0x1e hpl/wdt/hpl_wdt.o
 *fill*         0x00004fde        0x2 
 .text.hri_wdt_get_CTRLA_ENABLE_bit
                0x00004fe0       0x48 hpl/wdt/hpl_wdt.o
 .text.hri_wdt_clear_CTRLA_WEN_bit
                0x00005028       0x30 hpl/wdt/hpl_wdt.o
 .text.hri_wdt_get_CTRLA_ALWAYSON_bit
                0x00005058       0x44 hpl/wdt/hpl_wdt.o
 .text.hri_wdt_write_CONFIG_PER_bf
                0x0000509c       0x52 hpl/wdt/hpl_wdt.o
 .text.hri_wdt_read_CONFIG_PER_bf
                0x000050ee       0x30 hpl/wdt/hpl_wdt.o
 *fill*         0x0000511e        0x2 
 .text._wdt_init
                0x00005120       0x88 hpl/wdt/hpl_wdt.o
                0x00005120                _wdt_init
 .text._wdt_get_timeout_period
                0x000051a8       0xe4 hpl/wdt/hpl_wdt.o
                0x000051a8                _wdt_get_timeout_period
 .text.main     0x0000528c       0x18 main.o
                0x0000528c                main
 .text.list_get_head
                0x000052a4       0x14 sleep_manager/sleep_manager.o
 .text.list_get_next_element
                0x000052b8       0x1e sleep_manager/sleep_manager.o
 *fill*         0x000052d6        0x2 
 .text.sleepmgr_init
                0x000052d8       0x3c sleep_manager/sleep_manager.o
                0x000052d8                sleepmgr_init
 .text.sleepmgr_register_ready_to_sleep_callback
                0x00005314       0x40 sleep_manager/sleep_manager.o
                0x00005314                sleepmgr_register_ready_to_sleep_callback
 .text.sleepmgr_event_callback
                0x00005354       0xf8 sleep_manager/sleep_manager.o
 .text.sleep_cb
                0x0000544c       0x16 sleep_manager_main.o
 *fill*         0x00005462        0x2 
 .text.sleep_manager_init
                0x00005464       0x2c sleep_manager_main.o
                0x00005464                sleep_manager_init
 .text.mcp980X_construct
                0x00005490       0x48 temperature_sensor/mcp980x/mcp980x.o
                0x00005490                mcp980X_construct
 .text.mcp980x_read
                0x000054d8       0xcc temperature_sensor/mcp980x/mcp980x.o
                0x000054d8                mcp980x_read
 .text.mcp980x_config
                0x000055a4       0xa0 temperature_sensor/mcp980x/mcp980x.o
                0x000055a4                mcp980x_config
 .text._mcp980x_set_setup
                0x00005644      0x1c4 temperature_sensor/mcp980x/mcp980x.o
                0x00005644                _mcp980x_set_setup
 .text._mcp980x_set_tupper
                0x00005808      0x1dc temperature_sensor/mcp980x/mcp980x.o
                0x00005808                _mcp980x_set_tupper
 .text._mcp980x_set_lower
                0x000059e4      0x1dc temperature_sensor/mcp980x/mcp980x.o
                0x000059e4                _mcp980x_set_lower
 .text._mcp980x_set_critical
                0x00005bc0      0x1dc temperature_sensor/mcp980x/mcp980x.o
                0x00005bc0                _mcp980x_set_critical
 .text._mcp980x_set_resolution
                0x00005d9c       0xa0 temperature_sensor/mcp980x/mcp980x.o
                0x00005d9c                _mcp980x_set_resolution
 .text.temperature_sensor_construct
                0x00005e3c       0x22 temperature_sensor/temperature_sensor.o
                0x00005e3c                temperature_sensor_construct
 *fill*         0x00005e5e        0x2 
 .text.temperature_sensors_init
                0x00005e60       0x38 temperature_sensor_main.o
                0x00005e60                temperature_sensors_init
 .text          0x00005e98      0x114 c:/program files (x86)/atmel/studio/7.0/toolchain/arm/arm-gnu-toolchain/bin/../lib/gcc/arm-none-eabi/6.3.1/thumb/v6-m\libgcc.a(_udivsi3.o)
                0x00005e98                __aeabi_uidiv
                0x00005e98                __udivsi3
                0x00005fa4                __aeabi_uidivmod
 .text          0x00005fac        0x4 c:/program files (x86)/atmel/studio/7.0/toolchain/arm/arm-gnu-toolchain/bin/../lib/gcc/arm-none-eabi/6.3.1/thumb/v6-m\libgcc.a(_dvmd_tls.o)
                0x00005fac                __aeabi_idiv0
                0x00005fac                __aeabi_ldiv0
 .text          0x00005fb0      0x240 c:/program files (x86)/atmel/studio/7.0/toolchain/arm/arm-gnu-toolchain/bin/../lib/gcc/arm-none-eabi/6.3.1/thumb/v6-m\libgcc.a(mulsf3.o)
                0x00005fb0                __aeabi_fmul
 .text          0x000061f0      0x338 c:/program files (x86)/atmel/studio/7.0/toolchain/arm/arm-gnu-toolchain/bin/../lib/gcc/arm-none-eabi/6.3.1/thumb/v6-m\libgcc.a(subsf3.o)
                0x000061f0                __aeabi_fsub
 .text          0x00006528       0x40 c:/program files (x86)/atmel/studio/7.0/toolchain/arm/arm-gnu-toolchain/bin/../lib/gcc/arm-none-eabi/6.3.1/thumb/v6-m\libgcc.a(fixsfsi.o)
                0x00006528                __aeabi_f2iz
 .text          0x00006568       0xa0 c:/program files (x86)/atmel/studio/7.0/toolchain/arm/arm-gnu-toolchain/bin/../lib/gcc/arm-none-eabi/6.3.1/thumb/v6-m\libgcc.a(floatsisf.o)
                0x00006568                __aeabi_i2f
 .text          0x00006608      0x500 c:/program files (x86)/atmel/studio/7.0/toolchain/arm/arm-gnu-toolchain/bin/../lib/gcc/arm-none-eabi/6.3.1/thumb/v6-m\libgcc.a(muldf3.o)
                0x00006608                __aeabi_dmul
 .text          0x00006b08       0x84 c:/program files (x86)/atmel/studio/7.0/toolchain/arm/arm-gnu-toolchain/bin/../lib/gcc/arm-none-eabi/6.3.1/thumb/v6-m\libgcc.a(floatsidf.o)
                0x00006b08                __aeabi_i2d
 .text          0x00006b8c      0x114 c:/program files (x86)/atmel/studio/7.0/toolchain/arm/arm-gnu-toolchain/bin/../lib/gcc/arm-none-eabi/6.3.1/thumb/v6-m\libgcc.a(truncdfsf2.o)
                0x00006b8c                __aeabi_d2f
 .text          0x00006ca0       0x3c c:/program files (x86)/atmel/studio/7.0/toolchain/arm/arm-gnu-toolchain/bin/../lib/gcc/arm-none-eabi/6.3.1/thumb/v6-m\libgcc.a(_clzsi2.o)
                0x00006ca0                __clzsi2
 .text.__libc_init_array
                0x00006cdc       0x48 c:/program files (x86)/atmel/studio/7.0/toolchain/arm/arm-gnu-toolchain/bin/../lib/gcc/arm-none-eabi/6.3.1/../../../../arm-none-eabi/lib/thumb/v6-m\libc_nano.a(lib_a-init.o)
                0x00006cdc                __libc_init_array
 .text.memset   0x00006d24       0x10 c:/program files (x86)/atmel/studio/7.0/toolchain/arm/arm-gnu-toolchain/bin/../lib/gcc/arm-none-eabi/6.3.1/../../../../arm-none-eabi/lib/thumb/v6-m\libc_nano.a(lib_a-memset.o)
                0x00006d24                memset
 *(.glue_7t)
 .glue_7t       0x00006d34        0x0 linker stubs
 *(.glue_7)
 .glue_7        0x00006d34        0x0 linker stubs
 *(.rodata .rodata* .gnu.linkonce.r.*)
 .rodata        0x00006d34       0x35 driver_init.o
 *fill*         0x00006d69        0x3 
 .rodata        0x00006d6c       0xb6 hal/src/hal_calendar.o
 *fill*         0x00006e22        0x2 
 .rodata        0x00006e24       0x1c hal/src/hal_i2c_m_sync.o
 .rodata        0x00006e40       0x1d hal/src/hal_i2c_s_async.o
 *fill*         0x00006e5d        0x3 
 .rodata        0x00006e60       0x14 hal/src/hal_io.o
 .rodata        0x00006e74       0x17 hal/src/hal_timer.o
 *fill*         0x00006e8b        0x1 
 .rodata        0x00006e8c       0x1d hal/src/hal_usart_async.o
 *fill*         0x00006ea9        0x3 
 .rodata        0x00006eac       0x1f hal/utils/src/utils_event.o
 *fill*         0x00006ecb        0x1 
 .rodata        0x00006ecc       0x1e hal/utils/src/utils_list.o
 *fill*         0x00006eea        0x2 
 .rodata        0x00006eec       0x24 hal/utils/src/utils_ringbuffer.o
 .rodata        0x00006f10       0x4c hpl/core/hpl_core_m0plus_base.o
 .rodata        0x00006f5c       0x15 hpl/rtc/hpl_rtc.o
 *fill*         0x00006f71        0x3 
 .rodata        0x00006f74       0x2d hpl/sercom/hpl_sercom.o
 *fill*         0x00006fa1        0x3 
 .rodata        0x00006fa4       0x13 hpl/tc/hpl_tc.o
 *fill*         0x00006fb7        0x1 
 .rodata        0x00006fb8       0x48 hpl/wdt/hpl_wdt.o
 .rodata        0x00007000       0x21 sleep_manager/sleep_manager.o
 *fill*         0x00007021        0x3 
 .rodata        0x00007024        0x8 temperature_sensor/mcp980x/mcp980x.o
 .rodata        0x0000702c       0x40 c:/program files (x86)/atmel/studio/7.0/toolchain/arm/arm-gnu-toolchain/bin/../lib/gcc/arm-none-eabi/6.3.1/thumb/v6-m\libgcc.a(mulsf3.o)
 .rodata        0x0000706c       0x40 c:/program files (x86)/atmel/studio/7.0/toolchain/arm/arm-gnu-toolchain/bin/../lib/gcc/arm-none-eabi/6.3.1/thumb/v6-m\libgcc.a(muldf3.o)
 *(.ARM.extab* .gnu.linkonce.armextab.*)
                0x000070ac                . = ALIGN (0x4)
 *(.init)
 .init          0x000070ac        0x4 c:/program files (x86)/atmel/studio/7.0/toolchain/arm/arm-gnu-toolchain/bin/../lib/gcc/arm-none-eabi/6.3.1/thumb/v6-m/crti.o
                0x000070ac                _init
 .init          0x000070b0        0x8 c:/program files (x86)/atmel/studio/7.0/toolchain/arm/arm-gnu-toolchain/bin/../lib/gcc/arm-none-eabi/6.3.1/thumb/v6-m/crtn.o
                0x000070b8                . = ALIGN (0x4)
                0x000070b8                __preinit_array_start = .
 *(.preinit_array)
                0x000070b8                __preinit_array_end = .
                0x000070b8                . = ALIGN (0x4)
                0x000070b8                __init_array_start = .
 *(SORT(.init_array.*))
 *(.init_array)
 .init_array    0x000070b8        0x4 c:/program files (x86)/atmel/studio/7.0/toolchain/arm/arm-gnu-toolchain/bin/../lib/gcc/arm-none-eabi/6.3.1/thumb/v6-m/crtbegin.o
                0x000070bc                __init_array_end = .
                0x000070bc                . = ALIGN (0x4)
 *crtbegin.o(.ctors)
 *(EXCLUDE_FILE(*crtend.o) .ctors)
 *(SORT(.ctors.*))
 *crtend.o(.ctors)
                0x000070bc                . = ALIGN (0x4)
 *(.fini)
 .fini          0x000070bc        0x4 c:/program files (x86)/atmel/studio/7.0/toolchain/arm/arm-gnu-toolchain/bin/../lib/gcc/arm-none-eabi/6.3.1/thumb/v6-m/crti.o
                0x000070bc                _fini
 .fini          0x000070c0        0x8 c:/program files (x86)/atmel/studio/7.0/toolchain/arm/arm-gnu-toolchain/bin/../lib/gcc/arm-none-eabi/6.3.1/thumb/v6-m/crtn.o
                0x000070c8                . = ALIGN (0x4)
                0x000070c8                __fini_array_start = .
 *(.fini_array)
 .fini_array    0x000070c8        0x4 c:/program files (x86)/atmel/studio/7.0/toolchain/arm/arm-gnu-toolchain/bin/../lib/gcc/arm-none-eabi/6.3.1/thumb/v6-m/crtbegin.o
 *(SORT(.fini_array.*))
                0x000070cc                __fini_array_end = .
 *crtbegin.o(.dtors)
 *(EXCLUDE_FILE(*crtend.o) .dtors)
 *(SORT(.dtors.*))
 *crtend.o(.dtors)
                0x000070cc                . = ALIGN (0x4)
                0x000070cc                _efixed = .
                [!provide]                PROVIDE (__exidx_start, .)

.vfp11_veneer   0x000070cc        0x0
 .vfp11_veneer  0x000070cc        0x0 linker stubs

.v4_bx          0x000070cc        0x0
 .v4_bx         0x000070cc        0x0 linker stubs

.iplt           0x000070cc        0x0
 .iplt          0x000070cc        0x0 c:/program files (x86)/atmel/studio/7.0/toolchain/arm/arm-gnu-toolchain/bin/../lib/gcc/arm-none-eabi/6.3.1/thumb/v6-m/crtbegin.o

.eh_frame       0x000070cc        0x0
 .eh_frame      0x000070cc        0x0 c:/program files (x86)/atmel/studio/7.0/toolchain/arm/arm-gnu-toolchain/bin/../lib/gcc/arm-none-eabi/6.3.1/thumb/v6-m/crtbegin.o

.rel.dyn        0x000070cc        0x0
 .rel.iplt      0x000070cc        0x0 c:/program files (x86)/atmel/studio/7.0/toolchain/arm/arm-gnu-toolchain/bin/../lib/gcc/arm-none-eabi/6.3.1/thumb/v6-m/crtbegin.o

.jcr            0x000070cc        0x0
 .jcr           0x000070cc        0x0 c:/program files (x86)/atmel/studio/7.0/toolchain/arm/arm-gnu-toolchain/bin/../lib/gcc/arm-none-eabi/6.3.1/thumb/v6-m/crtbegin.o

.igot.plt       0x000070cc        0x0
 .igot.plt      0x000070cc        0x0 c:/program files (x86)/atmel/studio/7.0/toolchain/arm/arm-gnu-toolchain/bin/../lib/gcc/arm-none-eabi/6.3.1/thumb/v6-m/crtbegin.o

.ARM.exidx
 *(.ARM.exidx* .gnu.linkonce.armexidx.*)
                [!provide]                PROVIDE (__exidx_end, .)
                0x000070cc                . = ALIGN (0x4)
                0x000070cc                _etext = .

.relocate       0x20000000       0x50 load address 0x000070cc
                0x20000000                . = ALIGN (0x4)
                0x20000000                _srelocate = .
 *(.ramfunc .ramfunc.*)
 *(.data .data.*)
 .data          0x20000000       0x3c hpl/sercom/hpl_sercom.o
 .data          0x2000003c       0x14 hpl/tc/hpl_tc.o
                0x20000050                . = ALIGN (0x4)
                0x20000050                _erelocate = .

.lpram          0x30000000        0x0
                0x30000000                . = ALIGN (0x8)
                0x30000000                _slpram = .
 *(.lpram .lpram.*)
                0x30000000                . = ALIGN (0x8)
                0x30000000                _elpram = .

.bss            0x20000050      0x17c load address 0x0000711c
                0x20000050                . = ALIGN (0x4)
                0x20000050                _sbss = .
                0x20000050                _szero = .
 *(.bss .bss.*)
 .bss           0x20000050       0x1c c:/program files (x86)/atmel/studio/7.0/toolchain/arm/arm-gnu-toolchain/bin/../lib/gcc/arm-none-eabi/6.3.1/thumb/v6-m/crtbegin.o
 .bss           0x2000006c       0x10 driver_init.o
 .bss           0x2000007c        0x4 hal/src/hal_delay.o
 .bss           0x20000080        0x5 hal/utils/src/utils_event.o
 *fill*         0x20000085        0x3 
 .bss           0x20000088        0x4 hpl/rtc/hpl_rtc.o
 .bss           0x2000008c        0x8 hpl/sercom/hpl_sercom.o
 .bss           0x20000094        0x4 hpl/tc/hpl_tc.o
 .bss           0x20000098       0x18 sleep_manager/sleep_manager.o
 .bss           0x200000b0        0x8 sleep_manager_main.o
 .bss           0x200000b8        0x8 temperature_sensor_main.o
 *(COMMON)
 COMMON         0x200000c0      0x104 driver_init.o
                0x200000c0                I2C_IN
                0x20000108                WDT_0
                0x2000010c                I2C_OUT
                0x2000012c                CALENDAR_0
                0x20000148                USART_0
                0x20000198                SERCOM1_i2c_s_buffer
                0x200001a8                TIMER_0
 COMMON         0x200001c4        0x8 temperature_sensor_main.o
                0x200001c4                TEMPERATURE_SENSOR
                0x200001c8                TEMPERATURE_mcp980x
                0x200001cc                . = ALIGN (0x4)
                0x200001cc                _ebss = .
                0x200001cc                _ezero = .

.stack          0x200001cc     0x2004 load address 0x00007298
                0x200001d0                . = ALIGN (0x8)
 *fill*         0x200001cc        0x4 
                0x200001d0                _sstack = .
                0x200021d0                . = (. + STACK_SIZE)
 *fill*         0x200001d0     0x2000 
                0x200021d0                . = ALIGN (0x8)
                0x200021d0                _estack = .
                0x200021d0                . = ALIGN (0x4)
                0x200021d0                _end = .
OUTPUT(SatCube_SAML21E.elf elf32-littlearm)

.ARM.attributes
                0x00000000       0x28
 .ARM.attributes
                0x00000000       0x1e c:/program files (x86)/atmel/studio/7.0/toolchain/arm/arm-gnu-toolchain/bin/../lib/gcc/arm-none-eabi/6.3.1/thumb/v6-m/crti.o
 .ARM.attributes
                0x0000001e       0x2c c:/program files (x86)/atmel/studio/7.0/toolchain/arm/arm-gnu-toolchain/bin/../lib/gcc/arm-none-eabi/6.3.1/thumb/v6-m/crtbegin.o
 .ARM.attributes
                0x0000004a       0x32 atmel_start.o
 .ARM.attributes
                0x0000007c       0x32 Device_Startup/startup_saml21.o
 .ARM.attributes
                0x000000ae       0x32 driver_init.o
 .ARM.attributes
                0x000000e0       0x32 hal/src/hal_atomic.o
 .ARM.attributes
                0x00000112       0x32 hal/src/hal_calendar.o
 .ARM.attributes
                0x00000144       0x32 hal/src/hal_delay.o
 .ARM.attributes
                0x00000176       0x32 hal/src/hal_i2c_m_sync.o
 .ARM.attributes
                0x000001a8       0x32 hal/src/hal_i2c_s_async.o
 .ARM.attributes
                0x000001da       0x32 hal/src/hal_io.o
 .ARM.attributes
                0x0000020c       0x32 hal/src/hal_timer.o
 .ARM.attributes
                0x0000023e       0x32 hal/src/hal_usart_async.o
 .ARM.attributes
                0x00000270       0x32 hal/utils/src/utils_assert.o
 .ARM.attributes
                0x000002a2       0x32 hal/utils/src/utils_event.o
 .ARM.attributes
                0x000002d4       0x32 hal/utils/src/utils_list.o
 .ARM.attributes
                0x00000306       0x32 hal/utils/src/utils_ringbuffer.o
 .ARM.attributes
                0x00000338       0x32 hpl/core/hpl_core_m0plus_base.o
 .ARM.attributes
                0x0000036a       0x32 hpl/core/hpl_init.o
 .ARM.attributes
                0x0000039c       0x32 hpl/gclk/hpl_gclk.o
 .ARM.attributes
                0x000003ce       0x32 hpl/mclk/hpl_mclk.o
 .ARM.attributes
                0x00000400       0x32 hpl/osc32kctrl/hpl_osc32kctrl.o
 .ARM.attributes
                0x00000432       0x32 hpl/oscctrl/hpl_oscctrl.o
 .ARM.attributes
                0x00000464       0x32 hpl/pm/hpl_pm.o
 .ARM.attributes
                0x00000496       0x32 hpl/rtc/hpl_rtc.o
 .ARM.attributes
                0x000004c8       0x32 hpl/sercom/hpl_sercom.o
 .ARM.attributes
                0x000004fa       0x32 hpl/systick/hpl_systick.o
 .ARM.attributes
                0x0000052c       0x32 hpl/tc/hpl_tc.o
 .ARM.attributes
                0x0000055e       0x32 hpl/wdt/hpl_wdt.o
 .ARM.attributes
                0x00000590       0x32 main.o
 .ARM.attributes
                0x000005c2       0x32 sleep_manager/sleep_manager.o
 .ARM.attributes
                0x000005f4       0x32 sleep_manager_main.o
 .ARM.attributes
                0x00000626       0x32 temperature_sensor/mcp980x/mcp980x.o
 .ARM.attributes
                0x00000658       0x32 temperature_sensor/temperature_sensor.o
 .ARM.attributes
                0x0000068a       0x32 temperature_sensor_main.o
 .ARM.attributes
                0x000006bc       0x1e c:/program files (x86)/atmel/studio/7.0/toolchain/arm/arm-gnu-toolchain/bin/../lib/gcc/arm-none-eabi/6.3.1/thumb/v6-m\libgcc.a(_udivsi3.o)
 .ARM.attributes
                0x000006da       0x1e c:/program files (x86)/atmel/studio/7.0/toolchain/arm/arm-gnu-toolchain/bin/../lib/gcc/arm-none-eabi/6.3.1/thumb/v6-m\libgcc.a(_dvmd_tls.o)
 .ARM.attributes
                0x000006f8       0x2c c:/program files (x86)/atmel/studio/7.0/toolchain/arm/arm-gnu-toolchain/bin/../lib/gcc/arm-none-eabi/6.3.1/thumb/v6-m\libgcc.a(mulsf3.o)
 .ARM.attributes
                0x00000724       0x2c c:/program files (x86)/atmel/studio/7.0/toolchain/arm/arm-gnu-toolchain/bin/../lib/gcc/arm-none-eabi/6.3.1/thumb/v6-m\libgcc.a(subsf3.o)
 .ARM.attributes
                0x00000750       0x2c c:/program files (x86)/atmel/studio/7.0/toolchain/arm/arm-gnu-toolchain/bin/../lib/gcc/arm-none-eabi/6.3.1/thumb/v6-m\libgcc.a(fixsfsi.o)
 .ARM.attributes
                0x0000077c       0x2c c:/program files (x86)/atmel/studio/7.0/toolchain/arm/arm-gnu-toolchain/bin/../lib/gcc/arm-none-eabi/6.3.1/thumb/v6-m\libgcc.a(floatsisf.o)
 .ARM.attributes
                0x000007a8       0x2c c:/program files (x86)/atmel/studio/7.0/toolchain/arm/arm-gnu-toolchain/bin/../lib/gcc/arm-none-eabi/6.3.1/thumb/v6-m\libgcc.a(muldf3.o)
 .ARM.attributes
                0x000007d4       0x2c c:/program files (x86)/atmel/studio/7.0/toolchain/arm/arm-gnu-toolchain/bin/../lib/gcc/arm-none-eabi/6.3.1/thumb/v6-m\libgcc.a(floatsidf.o)
 .ARM.attributes
                0x00000800       0x2c c:/program files (x86)/atmel/studio/7.0/toolchain/arm/arm-gnu-toolchain/bin/../lib/gcc/arm-none-eabi/6.3.1/thumb/v6-m\libgcc.a(truncdfsf2.o)
 .ARM.attributes
                0x0000082c       0x1e c:/program files (x86)/atmel/studio/7.0/toolchain/arm/arm-gnu-toolchain/bin/../lib/gcc/arm-none-eabi/6.3.1/thumb/v6-m\libgcc.a(_clzsi2.o)
 .ARM.attributes
                0x0000084a       0x2c c:/program files (x86)/atmel/studio/7.0/toolchain/arm/arm-gnu-toolchain/bin/../lib/gcc/arm-none-eabi/6.3.1/../../../../arm-none-eabi/lib/thumb/v6-m\libc_nano.a(lib_a-init.o)
 .ARM.attributes
                0x00000876       0x2c c:/program files (x86)/atmel/studio/7.0/toolchain/arm/arm-gnu-toolchain/bin/../lib/gcc/arm-none-eabi/6.3.1/../../../../arm-none-eabi/lib/thumb/v6-m\libc_nano.a(lib_a-memset.o)
 .ARM.attributes
                0x000008a2       0x1e c:/program files (x86)/atmel/studio/7.0/toolchain/arm/arm-gnu-toolchain/bin/../lib/gcc/arm-none-eabi/6.3.1/thumb/v6-m/crtn.o

.comment        0x00000000       0x59
 .comment       0x00000000       0x59 atmel_start.o
                                 0x5a (size before relaxing)
 .comment       0x00000059       0x5a Device_Startup/startup_saml21.o
 .comment       0x00000059       0x5a driver_init.o
 .comment       0x00000059       0x5a hal/src/hal_atomic.o
 .comment       0x00000059       0x5a hal/src/hal_calendar.o
 .comment       0x00000059       0x5a hal/src/hal_delay.o
 .comment       0x00000059       0x5a hal/src/hal_i2c_m_sync.o
 .comment       0x00000059       0x5a hal/src/hal_i2c_s_async.o
 .comment       0x00000059       0x5a hal/src/hal_io.o
 .comment       0x00000059       0x5a hal/src/hal_timer.o
 .comment       0x00000059       0x5a hal/src/hal_usart_async.o
 .comment       0x00000059       0x5a hal/utils/src/utils_assert.o
 .comment       0x00000059       0x5a hal/utils/src/utils_event.o
 .comment       0x00000059       0x5a hal/utils/src/utils_list.o
 .comment       0x00000059       0x5a hal/utils/src/utils_ringbuffer.o
 .comment       0x00000059       0x5a hpl/core/hpl_core_m0plus_base.o
 .comment       0x00000059       0x5a hpl/core/hpl_init.o
 .comment       0x00000059       0x5a hpl/gclk/hpl_gclk.o
 .comment       0x00000059       0x5a hpl/mclk/hpl_mclk.o
 .comment       0x00000059       0x5a hpl/osc32kctrl/hpl_osc32kctrl.o
 .comment       0x00000059       0x5a hpl/oscctrl/hpl_oscctrl.o
 .comment       0x00000059       0x5a hpl/pm/hpl_pm.o
 .comment       0x00000059       0x5a hpl/rtc/hpl_rtc.o
 .comment       0x00000059       0x5a hpl/sercom/hpl_sercom.o
 .comment       0x00000059       0x5a hpl/systick/hpl_systick.o
 .comment       0x00000059       0x5a hpl/tc/hpl_tc.o
 .comment       0x00000059       0x5a hpl/wdt/hpl_wdt.o
 .comment       0x00000059       0x5a main.o
 .comment       0x00000059       0x5a sleep_manager/sleep_manager.o
 .comment       0x00000059       0x5a sleep_manager_main.o
 .comment       0x00000059       0x5a temperature_sensor/mcp980x/mcp980x.o
 .comment       0x00000059       0x5a temperature_sensor/temperature_sensor.o
 .comment       0x00000059       0x5a temperature_sensor_main.o

.debug_info     0x00000000    0x22b05
 .debug_info    0x00000000      0x853 atmel_start.o
 .debug_info    0x00000853      0xa2a Device_Startup/startup_saml21.o
 .debug_info    0x0000127d     0x7585 driver_init.o
 .debug_info    0x00008802      0x1d8 hal/src/hal_atomic.o
 .debug_info    0x000089da      0xdc9 hal/src/hal_calendar.o
 .debug_info    0x000097a3      0x1c4 hal/src/hal_delay.o
 .debug_info    0x00009967      0x776 hal/src/hal_i2c_m_sync.o
 .debug_info    0x0000a0dd      0xad0 hal/src/hal_i2c_s_async.o
 .debug_info    0x0000abad      0x255 hal/src/hal_io.o
 .debug_info    0x0000ae02      0x987 hal/src/hal_timer.o
 .debug_info    0x0000b789      0xef3 hal/src/hal_usart_async.o
 .debug_info    0x0000c67c      0x10b hal/utils/src/utils_assert.o
 .debug_info    0x0000c787      0xd32 hal/utils/src/utils_event.o
 .debug_info    0x0000d4b9      0x2d1 hal/utils/src/utils_list.o
 .debug_info    0x0000d78a      0x280 hal/utils/src/utils_ringbuffer.o
 .debug_info    0x0000da0a      0x7cc hpl/core/hpl_core_m0plus_base.o
 .debug_info    0x0000e1d6      0x6b8 hpl/core/hpl_init.o
 .debug_info    0x0000e88e      0x530 hpl/gclk/hpl_gclk.o
 .debug_info    0x0000edbe      0x9f1 hpl/mclk/hpl_mclk.o
 .debug_info    0x0000f7af      0x5fa hpl/osc32kctrl/hpl_osc32kctrl.o
 .debug_info    0x0000fda9      0xe24 hpl/oscctrl/hpl_oscctrl.o
 .debug_info    0x00010bcd      0xa67 hpl/pm/hpl_pm.o
 .debug_info    0x00011634     0x26e5 hpl/rtc/hpl_rtc.o
 .debug_info    0x00013d19     0x83cd hpl/sercom/hpl_sercom.o
 .debug_info    0x0001c0e6      0x258 hpl/systick/hpl_systick.o
 .debug_info    0x0001c33e     0x22b5 hpl/tc/hpl_tc.o
 .debug_info    0x0001e5f3      0x9f3 hpl/wdt/hpl_wdt.o
 .debug_info    0x0001efe6      0xa37 main.o
 .debug_info    0x0001fa1d      0x68e sleep_manager/sleep_manager.o
 .debug_info    0x000200ab      0x920 sleep_manager_main.o
 .debug_info    0x000209cb      0xa26 temperature_sensor/mcp980x/mcp980x.o
 .debug_info    0x000213f1      0x249 temperature_sensor/temperature_sensor.o
 .debug_info    0x0002163a     0x14cb temperature_sensor_main.o

.debug_abbrev   0x00000000     0x3b45
 .debug_abbrev  0x00000000       0xea atmel_start.o
 .debug_abbrev  0x000000ea      0x1d7 Device_Startup/startup_saml21.o
 .debug_abbrev  0x000002c1      0x2ed driver_init.o
 .debug_abbrev  0x000005ae      0x146 hal/src/hal_atomic.o
 .debug_abbrev  0x000006f4      0x219 hal/src/hal_calendar.o
 .debug_abbrev  0x0000090d       0xca hal/src/hal_delay.o
 .debug_abbrev  0x000009d7      0x153 hal/src/hal_i2c_m_sync.o
 .debug_abbrev  0x00000b2a      0x1ed hal/src/hal_i2c_s_async.o
 .debug_abbrev  0x00000d17       0xfe hal/src/hal_io.o
 .debug_abbrev  0x00000e15      0x1bf hal/src/hal_timer.o
 .debug_abbrev  0x00000fd4      0x26c hal/src/hal_usart_async.o
 .debug_abbrev  0x00001240       0x86 hal/utils/src/utils_assert.o
 .debug_abbrev  0x000012c6      0x239 hal/utils/src/utils_event.o
 .debug_abbrev  0x000014ff      0x101 hal/utils/src/utils_list.o
 .debug_abbrev  0x00001600       0xe8 hal/utils/src/utils_ringbuffer.o
 .debug_abbrev  0x000016e8      0x277 hpl/core/hpl_core_m0plus_base.o
 .debug_abbrev  0x0000195f      0x1a6 hpl/core/hpl_init.o
 .debug_abbrev  0x00001b05      0x168 hpl/gclk/hpl_gclk.o
 .debug_abbrev  0x00001c6d      0x1ab hpl/mclk/hpl_mclk.o
 .debug_abbrev  0x00001e18      0x18d hpl/osc32kctrl/hpl_osc32kctrl.o
 .debug_abbrev  0x00001fa5      0x1d4 hpl/oscctrl/hpl_oscctrl.o
 .debug_abbrev  0x00002179      0x235 hpl/pm/hpl_pm.o
 .debug_abbrev  0x000023ae      0x2ee hpl/rtc/hpl_rtc.o
 .debug_abbrev  0x0000269c      0x3d7 hpl/sercom/hpl_sercom.o
 .debug_abbrev  0x00002a73      0x12e hpl/systick/hpl_systick.o
 .debug_abbrev  0x00002ba1      0x394 hpl/tc/hpl_tc.o
 .debug_abbrev  0x00002f35      0x2ae hpl/wdt/hpl_wdt.o
 .debug_abbrev  0x000031e3       0xec main.o
 .debug_abbrev  0x000032cf      0x1a7 sleep_manager/sleep_manager.o
 .debug_abbrev  0x00003476      0x120 sleep_manager_main.o
 .debug_abbrev  0x00003596      0x1d8 temperature_sensor/mcp980x/mcp980x.o
 .debug_abbrev  0x0000376e      0x102 temperature_sensor/temperature_sensor.o
 .debug_abbrev  0x00003870      0x2d5 temperature_sensor_main.o

.debug_loc      0x00000000     0x887a
 .debug_loc     0x00000000       0x2c atmel_start.o
 .debug_loc     0x0000002c       0x64 Device_Startup/startup_saml21.o
 .debug_loc     0x00000090      0x8a8 driver_init.o
 .debug_loc     0x00000938       0x9c hal/src/hal_atomic.o
 .debug_loc     0x000009d4      0x454 hal/src/hal_calendar.o
 .debug_loc     0x00000e28       0xd4 hal/src/hal_delay.o
 .debug_loc     0x00000efc      0x304 hal/src/hal_i2c_m_sync.o
 .debug_loc     0x00001200      0x3e4 hal/src/hal_i2c_s_async.o
 .debug_loc     0x000015e4       0x9c hal/src/hal_io.o
 .debug_loc     0x00001680      0x2cc hal/src/hal_timer.o
 .debug_loc     0x0000194c      0x56c hal/src/hal_usart_async.o
 .debug_loc     0x00001eb8       0x38 hal/utils/src/utils_assert.o
 .debug_loc     0x00001ef0      0x118 hal/utils/src/utils_event.o
 .debug_loc     0x00002008      0x150 hal/utils/src/utils_list.o
 .debug_loc     0x00002158      0x118 hal/utils/src/utils_ringbuffer.o
 .debug_loc     0x00002270      0x3c0 hpl/core/hpl_core_m0plus_base.o
 .debug_loc     0x00002630       0x64 hpl/core/hpl_init.o
 .debug_loc     0x00002694       0xd4 hpl/gclk/hpl_gclk.o
 .debug_loc     0x00002768       0xe0 hpl/mclk/hpl_mclk.o
 .debug_loc     0x00002848       0xe0 hpl/osc32kctrl/hpl_osc32kctrl.o
 .debug_loc     0x00002928      0x150 hpl/oscctrl/hpl_oscctrl.o
 .debug_loc     0x00002a78      0x1ec hpl/pm/hpl_pm.o
 .debug_loc     0x00002c64      0x684 hpl/rtc/hpl_rtc.o
 .debug_loc     0x000032e8     0x418a hpl/sercom/hpl_sercom.o
 .debug_loc     0x00007472      0x150 hpl/systick/hpl_systick.o
 .debug_loc     0x000075c2      0x89c hpl/tc/hpl_tc.o
 .debug_loc     0x00007e5e      0x382 hpl/wdt/hpl_wdt.o
 .debug_loc     0x000081e0       0x2c main.o
 .debug_loc     0x0000820c      0x224 sleep_manager/sleep_manager.o
 .debug_loc     0x00008430       0x64 sleep_manager_main.o
 .debug_loc     0x00008494      0x1c0 temperature_sensor/mcp980x/mcp980x.o
 .debug_loc     0x00008654       0xa8 temperature_sensor/temperature_sensor.o
 .debug_loc     0x000086fc      0x17e temperature_sensor_main.o

.debug_aranges  0x00000000     0x16e0
 .debug_aranges
                0x00000000       0x20 atmel_start.o
 .debug_aranges
                0x00000020       0x28 Device_Startup/startup_saml21.o
 .debug_aranges
                0x00000048      0x170 driver_init.o
 .debug_aranges
                0x000001b8       0x30 hal/src/hal_atomic.o
 .debug_aranges
                0x000001e8       0xb8 hal/src/hal_calendar.o
 .debug_aranges
                0x000002a0       0x38 hal/src/hal_delay.o
 .debug_aranges
                0x000002d8       0x88 hal/src/hal_i2c_m_sync.o
 .debug_aranges
                0x00000360       0xa8 hal/src/hal_i2c_s_async.o
 .debug_aranges
                0x00000408       0x30 hal/src/hal_io.o
 .debug_aranges
                0x00000438       0x80 hal/src/hal_timer.o
 .debug_aranges
                0x000004b8       0xe0 hal/src/hal_usart_async.o
 .debug_aranges
                0x00000598       0x20 hal/utils/src/utils_assert.o
 .debug_aranges
                0x000005b8       0x40 hal/utils/src/utils_event.o
 .debug_aranges
                0x000005f8       0x48 hal/utils/src/utils_list.o
 .debug_aranges
                0x00000640       0x40 hal/utils/src/utils_ringbuffer.o
 .debug_aranges
                0x00000680       0xa8 hpl/core/hpl_core_m0plus_base.o
 .debug_aranges
                0x00000728       0x28 hpl/core/hpl_init.o
 .debug_aranges
                0x00000750       0x38 hpl/gclk/hpl_gclk.o
 .debug_aranges
                0x00000788       0x38 hpl/mclk/hpl_mclk.o
 .debug_aranges
                0x000007c0       0x38 hpl/osc32kctrl/hpl_osc32kctrl.o
 .debug_aranges
                0x000007f8       0x48 hpl/oscctrl/hpl_oscctrl.o
 .debug_aranges
                0x00000840       0x60 hpl/pm/hpl_pm.o
 .debug_aranges
                0x000008a0      0x108 hpl/rtc/hpl_rtc.o
 .debug_aranges
                0x000009a8      0x978 hpl/sercom/hpl_sercom.o
 .debug_aranges
                0x00001320       0x48 hpl/systick/hpl_systick.o
 .debug_aranges
                0x00001368      0x158 hpl/tc/hpl_tc.o
 .debug_aranges
                0x000014c0       0x98 hpl/wdt/hpl_wdt.o
 .debug_aranges
                0x00001558       0x20 main.o
 .debug_aranges
                0x00001578       0x68 sleep_manager/sleep_manager.o
 .debug_aranges
                0x000015e0       0x28 sleep_manager_main.o
 .debug_aranges
                0x00001608       0x58 temperature_sensor/mcp980x/mcp980x.o
 .debug_aranges
                0x00001660       0x30 temperature_sensor/temperature_sensor.o
 .debug_aranges
                0x00001690       0x50 temperature_sensor_main.o

.debug_ranges   0x00000000     0x14e8
 .debug_ranges  0x00000000       0x10 atmel_start.o
 .debug_ranges  0x00000010       0x18 Device_Startup/startup_saml21.o
 .debug_ranges  0x00000028      0x160 driver_init.o
 .debug_ranges  0x00000188       0x20 hal/src/hal_atomic.o
 .debug_ranges  0x000001a8       0xa8 hal/src/hal_calendar.o
 .debug_ranges  0x00000250       0x28 hal/src/hal_delay.o
 .debug_ranges  0x00000278       0x78 hal/src/hal_i2c_m_sync.o
 .debug_ranges  0x000002f0       0x98 hal/src/hal_i2c_s_async.o
 .debug_ranges  0x00000388       0x20 hal/src/hal_io.o
 .debug_ranges  0x000003a8       0x88 hal/src/hal_timer.o
 .debug_ranges  0x00000430       0xd0 hal/src/hal_usart_async.o
 .debug_ranges  0x00000500       0x10 hal/utils/src/utils_assert.o
 .debug_ranges  0x00000510       0x30 hal/utils/src/utils_event.o
 .debug_ranges  0x00000540       0x38 hal/utils/src/utils_list.o
 .debug_ranges  0x00000578       0x30 hal/utils/src/utils_ringbuffer.o
 .debug_ranges  0x000005a8       0x98 hpl/core/hpl_core_m0plus_base.o
 .debug_ranges  0x00000640       0x18 hpl/core/hpl_init.o
 .debug_ranges  0x00000658       0x28 hpl/gclk/hpl_gclk.o
 .debug_ranges  0x00000680       0x28 hpl/mclk/hpl_mclk.o
 .debug_ranges  0x000006a8       0x28 hpl/osc32kctrl/hpl_osc32kctrl.o
 .debug_ranges  0x000006d0       0x38 hpl/oscctrl/hpl_oscctrl.o
 .debug_ranges  0x00000708       0x50 hpl/pm/hpl_pm.o
 .debug_ranges  0x00000758       0xf8 hpl/rtc/hpl_rtc.o
 .debug_ranges  0x00000850      0x968 hpl/sercom/hpl_sercom.o
 .debug_ranges  0x000011b8       0x38 hpl/systick/hpl_systick.o
 .debug_ranges  0x000011f0      0x148 hpl/tc/hpl_tc.o
 .debug_ranges  0x00001338       0x88 hpl/wdt/hpl_wdt.o
 .debug_ranges  0x000013c0       0x10 main.o
 .debug_ranges  0x000013d0       0x58 sleep_manager/sleep_manager.o
 .debug_ranges  0x00001428       0x18 sleep_manager_main.o
 .debug_ranges  0x00001440       0x48 temperature_sensor/mcp980x/mcp980x.o
 .debug_ranges  0x00001488       0x20 temperature_sensor/temperature_sensor.o
 .debug_ranges  0x000014a8       0x40 temperature_sensor_main.o

.debug_macro    0x00000000    0x1f12f
 .debug_macro   0x00000000      0x696 atmel_start.o
 .debug_macro   0x00000696      0x89e atmel_start.o
 .debug_macro   0x00000f34      0x16d atmel_start.o
 .debug_macro   0x000010a1       0x22 atmel_start.o
 .debug_macro   0x000010c3       0x87 atmel_start.o
 .debug_macro   0x0000114a       0x51 atmel_start.o
 .debug_macro   0x0000119b       0xef atmel_start.o
 .debug_macro   0x0000128a       0x6a atmel_start.o
 .debug_macro   0x000012f4      0x1df atmel_start.o
 .debug_macro   0x000014d3       0x22 atmel_start.o
 .debug_macro   0x000014f5       0x3f atmel_start.o
 .debug_macro   0x00001534       0x1c atmel_start.o
 .debug_macro   0x00001550       0x22 atmel_start.o
 .debug_macro   0x00001572       0xb5 atmel_start.o
 .debug_macro   0x00001627      0x3ad atmel_start.o
 .debug_macro   0x000019d4      0x714 atmel_start.o
 .debug_macro   0x000020e8      0x8f0 atmel_start.o
 .debug_macro   0x000029d8      0x279 atmel_start.o
 .debug_macro   0x00002c51      0x21e atmel_start.o
 .debug_macro   0x00002e6f      0x4c3 atmel_start.o
 .debug_macro   0x00003332      0xe12 atmel_start.o
 .debug_macro   0x00004144      0x5e7 atmel_start.o
 .debug_macro   0x0000472b      0x5be atmel_start.o
 .debug_macro   0x00004ce9      0x824 atmel_start.o
 .debug_macro   0x0000550d      0x314 atmel_start.o
 .debug_macro   0x00005821      0x5c6 atmel_start.o
 .debug_macro   0x00005de7      0x21c atmel_start.o
 .debug_macro   0x00006003      0x729 atmel_start.o
 .debug_macro   0x0000672c      0x16f atmel_start.o
 .debug_macro   0x0000689b      0x70f atmel_start.o
 .debug_macro   0x00006faa      0x28c atmel_start.o
 .debug_macro   0x00007236      0x6e1 atmel_start.o
 .debug_macro   0x00007917      0x2c5 atmel_start.o
 .debug_macro   0x00007bdc      0x3c1 atmel_start.o
 .debug_macro   0x00007f9d      0x1a0 atmel_start.o
 .debug_macro   0x0000813d     0x1260 atmel_start.o
 .debug_macro   0x0000939d      0xf4d atmel_start.o
 .debug_macro   0x0000a2ea      0x866 atmel_start.o
 .debug_macro   0x0000ab50      0x8ae atmel_start.o
 .debug_macro   0x0000b3fe     0x19be atmel_start.o
 .debug_macro   0x0000cdbc       0xe7 atmel_start.o
 .debug_macro   0x0000cea3     0x13e6 atmel_start.o
 .debug_macro   0x0000e289      0x36a atmel_start.o
 .debug_macro   0x0000e5f3       0x7c atmel_start.o
 .debug_macro   0x0000e66f       0xac atmel_start.o
 .debug_macro   0x0000e71b       0xca atmel_start.o
 .debug_macro   0x0000e7e5       0x4c atmel_start.o
 .debug_macro   0x0000e831       0x94 atmel_start.o
 .debug_macro   0x0000e8c5       0xdc atmel_start.o
 .debug_macro   0x0000e9a1       0xb2 atmel_start.o
 .debug_macro   0x0000ea53       0x64 atmel_start.o
 .debug_macro   0x0000eab7      0x5a4 atmel_start.o
 .debug_macro   0x0000f05b      0x19d atmel_start.o
 .debug_macro   0x0000f1f8       0x70 atmel_start.o
 .debug_macro   0x0000f268       0xa0 atmel_start.o
 .debug_macro   0x0000f308       0xc4 atmel_start.o
 .debug_macro   0x0000f3cc       0x28 atmel_start.o
 .debug_macro   0x0000f3f4       0xa0 atmel_start.o
 .debug_macro   0x0000f494       0x40 atmel_start.o
 .debug_macro   0x0000f4d4       0x7c atmel_start.o
 .debug_macro   0x0000f550       0x40 atmel_start.o
 .debug_macro   0x0000f590      0x16c atmel_start.o
 .debug_macro   0x0000f6fc       0x10 atmel_start.o
 .debug_macro   0x0000f70c       0x34 atmel_start.o
 .debug_macro   0x0000f740       0xee atmel_start.o
 .debug_macro   0x0000f82e      0x12b atmel_start.o
 .debug_macro   0x0000f959      0x12b atmel_start.o
 .debug_macro   0x0000fa84      0x12b atmel_start.o
 .debug_macro   0x0000fbaf      0x12b atmel_start.o
 .debug_macro   0x0000fcda      0x12b atmel_start.o
 .debug_macro   0x0000fe05      0x12b atmel_start.o
 .debug_macro   0x0000ff30       0x5e atmel_start.o
 .debug_macro   0x0000ff8e       0xfa atmel_start.o
 .debug_macro   0x00010088       0xfa atmel_start.o
 .debug_macro   0x00010182       0xfa atmel_start.o
 .debug_macro   0x0001027c      0x124 atmel_start.o
 .debug_macro   0x000103a0       0xfa atmel_start.o
 .debug_macro   0x0001049a       0xee atmel_start.o
 .debug_macro   0x00010588       0x2e atmel_start.o
 .debug_macro   0x000105b6      0x40f atmel_start.o
 .debug_macro   0x000109c5       0x3a atmel_start.o
 .debug_macro   0x000109ff      0x410 atmel_start.o
 .debug_macro   0x00010e0f     0x134f atmel_start.o
 .debug_macro   0x0001215e       0x90 atmel_start.o
 .debug_macro   0x000121ee       0x10 atmel_start.o
 .debug_macro   0x000121fe       0x10 atmel_start.o
 .debug_macro   0x0001220e       0x16 atmel_start.o
 .debug_macro   0x00012224       0x16 atmel_start.o
 .debug_macro   0x0001223a       0x16 atmel_start.o
 .debug_macro   0x00012250       0x16 atmel_start.o
 .debug_macro   0x00012266       0x16 atmel_start.o
 .debug_macro   0x0001227c       0x16 atmel_start.o
 .debug_macro   0x00012292       0x16 atmel_start.o
 .debug_macro   0x000122a8       0x16 atmel_start.o
 .debug_macro   0x000122be       0x16 atmel_start.o
 .debug_macro   0x000122d4       0x16 atmel_start.o
 .debug_macro   0x000122ea       0x16 atmel_start.o
 .debug_macro   0x00012300       0x16 atmel_start.o
 .debug_macro   0x00012316       0x16 atmel_start.o
 .debug_macro   0x0001232c       0x16 atmel_start.o
 .debug_macro   0x00012342       0x16 atmel_start.o
 .debug_macro   0x00012358       0x16 atmel_start.o
 .debug_macro   0x0001236e       0x16 atmel_start.o
 .debug_macro   0x00012384       0x16 atmel_start.o
 .debug_macro   0x0001239a       0x16 atmel_start.o
 .debug_macro   0x000123b0      0x2e0 atmel_start.o
 .debug_macro   0x00012690       0x94 atmel_start.o
 .debug_macro   0x00012724       0x16 atmel_start.o
 .debug_macro   0x0001273a       0xbe atmel_start.o
 .debug_macro   0x000127f8      0x28c atmel_start.o
 .debug_macro   0x00012a84       0x16 atmel_start.o
 .debug_macro   0x00012a9a      0x4d8 atmel_start.o
 .debug_macro   0x00012f72       0x16 atmel_start.o
 .debug_macro   0x00012f88       0xca atmel_start.o
 .debug_macro   0x00013052       0x1c atmel_start.o
 .debug_macro   0x0001306e       0x16 atmel_start.o
 .debug_macro   0x00013084       0x74 atmel_start.o
 .debug_macro   0x000130f8       0xb8 atmel_start.o
 .debug_macro   0x000131b0       0xc9 atmel_start.o
 .debug_macro   0x00013279       0x70 atmel_start.o
 .debug_macro   0x000132e9       0x1c atmel_start.o
 .debug_macro   0x00013305       0x10 atmel_start.o
 .debug_macro   0x00013315      0x360 Device_Startup/startup_saml21.o
 .debug_macro   0x00013675       0x39 Device_Startup/startup_saml21.o
 .debug_macro   0x000136ae      0x669 driver_init.o
 .debug_macro   0x00013d17       0x79 driver_init.o
 .debug_macro   0x00013d90      0x4c4 hal/src/hal_atomic.o
 .debug_macro   0x00014254      0x546 hal/src/hal_calendar.o
 .debug_macro   0x0001479a      0x4f6 hal/src/hal_delay.o
 .debug_macro   0x00014c90      0x4ff hal/src/hal_i2c_m_sync.o
 .debug_macro   0x0001518f       0x6a hal/src/hal_i2c_m_sync.o
 .debug_macro   0x000151f9      0x518 hal/src/hal_i2c_s_async.o
 .debug_macro   0x00015711      0x4d7 hal/src/hal_io.o
 .debug_macro   0x00015be8      0x50a hal/src/hal_timer.o
 .debug_macro   0x000160f2      0x522 hal/src/hal_usart_async.o
 .debug_macro   0x00016614      0x4cd hal/utils/src/utils_assert.o
 .debug_macro   0x00016ae1       0x10 hal/utils/src/utils_assert.o
 .debug_macro   0x00016af1      0x5b8 hal/utils/src/utils_event.o
 .debug_macro   0x000170a9       0x58 hal/utils/src/utils_event.o
 .debug_macro   0x00017101       0x35 hal/utils/src/utils_event.o
 .debug_macro   0x00017136       0x9c hal/utils/src/utils_event.o
 .debug_macro   0x000171d2       0x58 hal/utils/src/utils_event.o
 .debug_macro   0x0001722a       0x1f hal/utils/src/utils_event.o
 .debug_macro   0x00017249       0x43 hal/utils/src/utils_event.o
 .debug_macro   0x0001728c       0x20 hal/utils/src/utils_event.o
 .debug_macro   0x000172ac      0x187 hal/utils/src/utils_event.o
 .debug_macro   0x00017433      0x34d hal/utils/src/utils_event.o
 .debug_macro   0x00017780       0x10 hal/utils/src/utils_event.o
 .debug_macro   0x00017790       0x35 hal/utils/src/utils_event.o
 .debug_macro   0x000177c5      0x4d1 hal/utils/src/utils_list.o
 .debug_macro   0x00017c96      0x4d1 hal/utils/src/utils_ringbuffer.o
 .debug_macro   0x00018167      0x51e hpl/core/hpl_core_m0plus_base.o
 .debug_macro   0x00018685      0x542 hpl/core/hpl_init.o
 .debug_macro   0x00018bc7       0x28 hpl/core/hpl_init.o
 .debug_macro   0x00018bef      0x772 hpl/core/hpl_init.o
 .debug_macro   0x00019361      0x4da hpl/gclk/hpl_gclk.o
 .debug_macro   0x0001983b      0x1f4 hpl/gclk/hpl_gclk.o
 .debug_macro   0x00019a2f      0x4d6 hpl/mclk/hpl_mclk.o
 .debug_macro   0x00019f05      0x4d1 hpl/osc32kctrl/hpl_osc32kctrl.o
 .debug_macro   0x0001a3d6       0xa4 hpl/osc32kctrl/hpl_osc32kctrl.o
 .debug_macro   0x0001a47a      0x4d1 hpl/oscctrl/hpl_oscctrl.o
 .debug_macro   0x0001a94b      0x18c hpl/oscctrl/hpl_oscctrl.o
 .debug_macro   0x0001aad7      0x4dc hpl/pm/hpl_pm.o
 .debug_macro   0x0001afb3      0x4ee hpl/rtc/hpl_rtc.o
 .debug_macro   0x0001b4a1       0x64 hpl/rtc/hpl_rtc.o
 .debug_macro   0x0001b505      0x713 hpl/sercom/hpl_sercom.o
 .debug_macro   0x0001bc18      0x185 hpl/sercom/hpl_sercom.o
 .debug_macro   0x0001bd9d       0x10 hpl/sercom/hpl_sercom.o
 .debug_macro   0x0001bdad       0x1c hpl/sercom/hpl_sercom.o
 .debug_macro   0x0001bdc9       0x22 hpl/sercom/hpl_sercom.o
 .debug_macro   0x0001bdeb       0x10 hpl/sercom/hpl_sercom.o
 .debug_macro   0x0001bdfb      0x4d1 hpl/systick/hpl_systick.o
 .debug_macro   0x0001c2cc       0x10 hpl/systick/hpl_systick.o
 .debug_macro   0x0001c2dc      0x545 hpl/tc/hpl_tc.o
 .debug_macro   0x0001c821       0x10 hpl/tc/hpl_tc.o
 .debug_macro   0x0001c831       0x83 hpl/tc/hpl_tc.o
 .debug_macro   0x0001c8b4      0x532 hpl/wdt/hpl_wdt.o
 .debug_macro   0x0001cde6       0x1c hpl/wdt/hpl_wdt.o
 .debug_macro   0x0001ce02      0x6c6 main.o
 .debug_macro   0x0001d4c8       0x40 main.o
 .debug_macro   0x0001d508       0x22 main.o
 .debug_macro   0x0001d52a      0x512 sleep_manager/sleep_manager.o
 .debug_macro   0x0001da3c      0x696 sleep_manager_main.o
 .debug_macro   0x0001e0d2      0x50a temperature_sensor/mcp980x/mcp980x.o
 .debug_macro   0x0001e5dc      0x4c8 temperature_sensor/temperature_sensor.o
 .debug_macro   0x0001eaa4      0x68b temperature_sensor_main.o

.debug_line     0x00000000    0x1a28e
 .debug_line    0x00000000      0xcc1 atmel_start.o
 .debug_line    0x00000cc1      0x764 Device_Startup/startup_saml21.o
 .debug_line    0x00001425     0x104f driver_init.o
 .debug_line    0x00002474      0xa4c hal/src/hal_atomic.o
 .debug_line    0x00002ec0      0xd21 hal/src/hal_calendar.o
 .debug_line    0x00003be1      0xa76 hal/src/hal_delay.o
 .debug_line    0x00004657      0xb80 hal/src/hal_i2c_m_sync.o
 .debug_line    0x000051d7      0xcc8 hal/src/hal_i2c_s_async.o
 .debug_line    0x00005e9f      0xa73 hal/src/hal_io.o
 .debug_line    0x00006912      0xc43 hal/src/hal_timer.o
 .debug_line    0x00007555      0xd4b hal/src/hal_usart_async.o
 .debug_line    0x000082a0      0xa14 hal/utils/src/utils_assert.o
 .debug_line    0x00008cb4      0xbb9 hal/utils/src/utils_event.o
 .debug_line    0x0000986d      0xaae hal/utils/src/utils_list.o
 .debug_line    0x0000a31b      0xac1 hal/utils/src/utils_ringbuffer.o
 .debug_line    0x0000addc      0xc47 hpl/core/hpl_core_m0plus_base.o
 .debug_line    0x0000ba23      0xafe hpl/core/hpl_init.o
 .debug_line    0x0000c521      0xa7f hpl/gclk/hpl_gclk.o
 .debug_line    0x0000cfa0      0xa6d hpl/mclk/hpl_mclk.o
 .debug_line    0x0000da0d      0xa7a hpl/osc32kctrl/hpl_osc32kctrl.o
 .debug_line    0x0000e487      0xaa7 hpl/oscctrl/hpl_oscctrl.o
 .debug_line    0x0000ef2e      0xacd hpl/pm/hpl_pm.o
 .debug_line    0x0000f9fb      0xe0a hpl/rtc/hpl_rtc.o
 .debug_line    0x00010805     0x2bbe hpl/sercom/hpl_sercom.o
 .debug_line    0x000133c3      0xaa7 hpl/systick/hpl_systick.o
 .debug_line    0x00013e6a      0xe0c hpl/tc/hpl_tc.o
 .debug_line    0x00014c76      0xca1 hpl/wdt/hpl_wdt.o
 .debug_line    0x00015917      0xd4a main.o
 .debug_line    0x00016661      0xb6f sleep_manager/sleep_manager.o
 .debug_line    0x000171d0      0xcd0 sleep_manager_main.o
 .debug_line    0x00017ea0      0xc1d temperature_sensor/mcp980x/mcp980x.o
 .debug_line    0x00018abd      0xa48 temperature_sensor/temperature_sensor.o
 .debug_line    0x00019505      0xd89 temperature_sensor_main.o

.debug_str      0x00000000    0x8d1cc
 .debug_str     0x00000000    0x7d629 atmel_start.o
                              0x7dbd3 (size before relaxing)
 .debug_str     0x0007d629      0x520 Device_Startup/startup_saml21.o
                              0x74c80 (size before relaxing)
 .debug_str     0x0007db49     0x1aa6 driver_init.o
                              0x7f6f0 (size before relaxing)
 .debug_str     0x0007f5ef       0xb7 hal/src/hal_atomic.o
                              0x7c616 (size before relaxing)
 .debug_str     0x0007f6a6      0x558 hal/src/hal_calendar.o
                              0x7d237 (size before relaxing)
 .debug_str     0x0007fbfe       0x9b hal/src/hal_delay.o
                              0x7c680 (size before relaxing)
 .debug_str     0x0007fc99      0x169 hal/src/hal_i2c_m_sync.o
                              0x7cf19 (size before relaxing)
 .debug_str     0x0007fe02      0x355 hal/src/hal_i2c_s_async.o
                              0x7d0ea (size before relaxing)
 .debug_str     0x00080157       0x3d hal/src/hal_io.o
                              0x7c6c3 (size before relaxing)
 .debug_str     0x00080194      0x23a hal/src/hal_timer.o
                              0x7cf55 (size before relaxing)
 .debug_str     0x000803ce      0x620 hal/src/hal_usart_async.o
                              0x7d52d (size before relaxing)
 .debug_str     0x000809ee       0x2a hal/utils/src/utils_assert.o
                              0x7c626 (size before relaxing)
 .debug_str     0x00080a18     0x2d0a hal/utils/src/utils_event.o
                              0x7f9b7 (size before relaxing)
 .debug_str     0x00083722       0x31 hal/utils/src/utils_list.o
                              0x7c6d0 (size before relaxing)
 .debug_str     0x00083753       0x24 hal/utils/src/utils_ringbuffer.o
                              0x7c6cc (size before relaxing)
 .debug_str     0x00083777      0x2f8 hpl/core/hpl_core_m0plus_base.o
                              0x7d1f7 (size before relaxing)
 .debug_str     0x00083a6f     0x19b7 hpl/core/hpl_init.o
                              0x7e960 (size before relaxing)
 .debug_str     0x00085426      0x823 hpl/gclk/hpl_gclk.o
                              0x7cf63 (size before relaxing)
 .debug_str     0x00085c49       0xa5 hpl/mclk/hpl_mclk.o
                              0x7cce9 (size before relaxing)
 .debug_str     0x00085cee      0x479 hpl/osc32kctrl/hpl_osc32kctrl.o
                              0x7ca7d (size before relaxing)
 .debug_str     0x00086167      0x8e8 hpl/oscctrl/hpl_oscctrl.o
                              0x7cf60 (size before relaxing)
 .debug_str     0x00086a4f      0x367 hpl/pm/hpl_pm.o
                              0x7c9de (size before relaxing)
 .debug_str     0x00086db6      0x3c9 hpl/rtc/hpl_rtc.o
                              0x7d1fa (size before relaxing)
 .debug_str     0x0008717f     0x4915 hpl/sercom/hpl_sercom.o
                              0x82a38 (size before relaxing)
 .debug_str     0x0008ba94       0xcd hpl/systick/hpl_systick.o
                              0x7c66e (size before relaxing)
 .debug_str     0x0008bb61      0xa0d hpl/tc/hpl_tc.o
                              0x7df63 (size before relaxing)
 .debug_str     0x0008c56e      0x452 hpl/wdt/hpl_wdt.o
                              0x7cbc8 (size before relaxing)
 .debug_str     0x0008c9c0      0x30f main.o
                              0x7defb (size before relaxing)
 .debug_str     0x0008cccf      0x295 sleep_manager/sleep_manager.o
                              0x7cf47 (size before relaxing)
 .debug_str     0x0008cf64       0x26 sleep_manager_main.o
                              0x7dc85 (size before relaxing)
 .debug_str     0x0008cf8a      0x186 temperature_sensor/mcp980x/mcp980x.o
                              0x7cc84 (size before relaxing)
 .debug_str     0x0008d110       0x5c temperature_sensor/temperature_sensor.o
                              0x7c685 (size before relaxing)
 .debug_str     0x0008d16c       0x60 temperature_sensor_main.o
                              0x7e17c (size before relaxing)

.debug_frame    0x00000000     0x5268
 .debug_frame   0x00000000       0x2c atmel_start.o
 .debug_frame   0x0000002c       0x4c Device_Startup/startup_saml21.o
 .debug_frame   0x00000078      0x53c driver_init.o
 .debug_frame   0x000005b4       0x6c hal/src/hal_atomic.o
 .debug_frame   0x00000620      0x28c hal/src/hal_calendar.o
 .debug_frame   0x000008ac       0x8c hal/src/hal_delay.o
 .debug_frame   0x00000938      0x1cc hal/src/hal_i2c_m_sync.o
 .debug_frame   0x00000b04      0x24c hal/src/hal_i2c_s_async.o
 .debug_frame   0x00000d50       0x6c hal/src/hal_io.o
 .debug_frame   0x00000dbc      0x1ac hal/src/hal_timer.o
 .debug_frame   0x00000f68      0x330 hal/src/hal_usart_async.o
 .debug_frame   0x00001298       0x30 hal/utils/src/utils_assert.o
 .debug_frame   0x000012c8       0xb0 hal/utils/src/utils_event.o
 .debug_frame   0x00001378       0xd0 hal/utils/src/utils_list.o
 .debug_frame   0x00001448       0xb0 hal/utils/src/utils_ringbuffer.o
 .debug_frame   0x000014f8      0x240 hpl/core/hpl_core_m0plus_base.o
 .debug_frame   0x00001738       0x4c hpl/core/hpl_init.o
 .debug_frame   0x00001784       0x8c hpl/gclk/hpl_gclk.o
 .debug_frame   0x00001810       0x90 hpl/mclk/hpl_mclk.o
 .debug_frame   0x000018a0       0x90 hpl/osc32kctrl/hpl_osc32kctrl.o
 .debug_frame   0x00001930       0xd0 hpl/oscctrl/hpl_oscctrl.o
 .debug_frame   0x00001a00      0x12c hpl/pm/hpl_pm.o
 .debug_frame   0x00001b2c      0x3cc hpl/rtc/hpl_rtc.o
 .debug_frame   0x00001ef8     0x2594 hpl/sercom/hpl_sercom.o
 .debug_frame   0x0000448c       0xd0 hpl/systick/hpl_systick.o
 .debug_frame   0x0000455c      0x504 hpl/tc/hpl_tc.o
 .debug_frame   0x00004a60      0x214 hpl/wdt/hpl_wdt.o
 .debug_frame   0x00004c74       0x2c main.o
 .debug_frame   0x00004ca0      0x14c sleep_manager/sleep_manager.o
 .debug_frame   0x00004dec       0x4c sleep_manager_main.o
 .debug_frame   0x00004e38      0x110 temperature_sensor/mcp980x/mcp980x.o
 .debug_frame   0x00004f48       0x70 temperature_sensor/temperature_sensor.o
 .debug_frame   0x00004fb8       0xec temperature_sensor_main.o
 .debug_frame   0x000050a4       0x20 c:/program files (x86)/atmel/studio/7.0/toolchain/arm/arm-gnu-toolchain/bin/../lib/gcc/arm-none-eabi/6.3.1/thumb/v6-m\libgcc.a(_udivsi3.o)
 .debug_frame   0x000050c4       0x3c c:/program files (x86)/atmel/studio/7.0/toolchain/arm/arm-gnu-toolchain/bin/../lib/gcc/arm-none-eabi/6.3.1/thumb/v6-m\libgcc.a(mulsf3.o)
 .debug_frame   0x00005100       0x38 c:/program files (x86)/atmel/studio/7.0/toolchain/arm/arm-gnu-toolchain/bin/../lib/gcc/arm-none-eabi/6.3.1/thumb/v6-m\libgcc.a(subsf3.o)
 .debug_frame   0x00005138       0x20 c:/program files (x86)/atmel/studio/7.0/toolchain/arm/arm-gnu-toolchain/bin/../lib/gcc/arm-none-eabi/6.3.1/thumb/v6-m\libgcc.a(fixsfsi.o)
 .debug_frame   0x00005158       0x2c c:/program files (x86)/atmel/studio/7.0/toolchain/arm/arm-gnu-toolchain/bin/../lib/gcc/arm-none-eabi/6.3.1/thumb/v6-m\libgcc.a(floatsisf.o)
 .debug_frame   0x00005184       0x3c c:/program files (x86)/atmel/studio/7.0/toolchain/arm/arm-gnu-toolchain/bin/../lib/gcc/arm-none-eabi/6.3.1/thumb/v6-m\libgcc.a(muldf3.o)
 .debug_frame   0x000051c0       0x2c c:/program files (x86)/atmel/studio/7.0/toolchain/arm/arm-gnu-toolchain/bin/../lib/gcc/arm-none-eabi/6.3.1/thumb/v6-m\libgcc.a(floatsidf.o)
 .debug_frame   0x000051ec       0x30 c:/program files (x86)/atmel/studio/7.0/toolchain/arm/arm-gnu-toolchain/bin/../lib/gcc/arm-none-eabi/6.3.1/thumb/v6-m\libgcc.a(truncdfsf2.o)
 .debug_frame   0x0000521c       0x2c c:/program files (x86)/atmel/studio/7.0/toolchain/arm/arm-gnu-toolchain/bin/../lib/gcc/arm-none-eabi/6.3.1/../../../../arm-none-eabi/lib/thumb/v6-m\libc_nano.a(lib_a-init.o)
 .debug_frame   0x00005248       0x20 c:/program files (x86)/atmel/studio/7.0/toolchain/arm/arm-gnu-toolchain/bin/../lib/gcc/arm-none-eabi/6.3.1/../../../../arm-none-eabi/lib/thumb/v6-m\libc_nano.a(lib_a-memset.o)
